/Users/ryanlynn/Library/Python/3.9/lib/python/site-packages/urllib3/__init__.py:35: NotOpenSSLWarning: urllib3 v2 only supports OpenSSL 1.1.1+, currently the 'ssl' module is compiled with 'LibreSSL 2.8.3'. See: https://github.com/urllib3/urllib3/issues/3020
  warnings.warn(
2026-03-25 15:45:00 [INFO] 🚀 TK 任务调度器启动（增强版 + 自动重试 + 运行统计）
2026-03-25 15:45:00 [INFO]    轮询间隔: 30秒
2026-03-25 15:45:00 [INFO]    监控环节: 爆款抓取, 脚本分析, 产品脚本生成, 分镜图生成, 逐镜头脚本生成, 逐镜头图片生成, 视频制作
2026-03-25 15:45:12 [INFO] [分镜图生成] 🚀 已启动任务: task0026 (recveQoB6b6Xms) retry=0
2026-03-25 15:45:15 [INFO] [分镜图生成] 🚀 已启动任务: task0027 (recveQoBFOlRE6) retry=0
2026-03-25 15:45:20 [INFO] [逐镜头图片生成] 🚀 已启动任务: recveReBEqRZdB (recveReBEqRZdB) retry=0
2026-03-25 15:45:23 [INFO] [逐镜头图片生成] 🚀 已启动任务: recveReBEqHxpV (recveReBEqHxpV) retry=0
2026-03-25 15:45:23 [INFO] 📊 今日运行统计 launched={'脚本分析': 32, '产品脚本生成': 12, '分镜图生成': 24, '逐镜头图片生成': 2} success={'脚本分析': 27, '产品脚本生成': 12, '分镜图生成': 14} failed={'脚本分析': 3, '分镜图生成': 4} retried={'脚本分析': 2, '分镜图生成': 4} timeouts={}
2026-03-25 15:46:33 [INFO] [分镜图生成] ✅ 完成: recveQoB6b6Xms
2026-03-25 15:46:33 [INFO] [分镜图生成] stdout: [2026-03-25 15:45:13] [INFO] storyboard task start | record_id='recveQoB6b6Xms'
[2026-03-25 15:46:27] [INFO] storyboard task success | record_id='recveQoB6b6Xms' shots=9
✅ 分镜图生成完成: /Users/ryanlynn/.openclaw/workspace-tk/storyboard_work/recveQoB6b6Xms/recveQoB6b6Xms_storyboard.png
2026-03-25 15:46:33 [INFO] [逐镜头图片生成] ✅ 完成: recveReBEqHxpV
2026-03-25 15:46:33 [INFO] [逐镜头图片生成] stdout: [2026-03-25 15:46:27] [INFO] shot storyboard render success | record_id='recveReBEqHxpV'
✅ 单张分镜图生成完成: recveReBEqHxpV
2026-03-25 15:46:41 [INFO] [分镜图生成] 🚀 已启动任务: task0028 (recveQoBW0vpkq) retry=0
2026-03-25 15:46:46 [INFO] [逐镜头图片生成] 🚀 已启动任务: recveReBEqj1d3 (recveReBEqj1d3) retry=0
2026-03-25 15:47:17 [INFO] [分镜图生成] ✅ 完成: recveQoBFOlRE6
2026-03-25 15:47:17 [INFO] [分镜图生成] stdout: [2026-03-25 15:45:16] [INFO] storyboard task start | record_id='recveQoBFOlRE6'
[2026-03-25 15:46:54] [INFO] storyboard task success | record_id='recveQoBFOlRE6' shots=9
✅ 分镜图生成完成: /Users/ryanlynn/.openclaw/workspace-tk/storyboard_work/recveQoBFOlRE6/recveQoBFOlRE6_storyboard.png
2026-03-25 15:47:27 [INFO] [分镜图生成] 🚀 已启动任务: task0029 (recveQoCaHur7P) retry=0
2026-03-25 15:48:00 [INFO] [分镜图生成] ✅ 完成: recveQoBW0vpkq
2026-03-25 15:48:00 [INFO] [分镜图生成] stdout: [2026-03-25 15:46:42] [INFO] storyboard task start | record_id='recveQoBW0vpkq'
[2026-03-25 15:47:59] [INFO] storyboard task success | record_id='recveQoBW0vpkq' shots=9
✅ 分镜图生成完成: /Users/ryanlynn/.openclaw/workspace-tk/storyboard_work/recveQoBW0vpkq/recveQoBW0vpkq_storyboard.png
2026-03-25 15:48:00 [INFO] [逐镜头图片生成] ✅ 完成: recveReBEqj1d3
2026-03-25 15:48:00 [INFO] [逐镜头图片生成] stdout: [2026-03-25 15:47:49] [INFO] shot storyboard render success | record_id='recveReBEqj1d3'
✅ 单张分镜图生成完成: recveReBEqj1d3
2026-03-25 15:48:11 [INFO] [分镜图生成] 🚀 已启动任务: task0035 (recveQoP1kYF15) retry=2
2026-03-25 15:48:16 [INFO] [逐镜头图片生成] 🚀 已启动任务: recveReBEqf3Tb (recveReBEqf3Tb) retry=0
2026-03-25 15:49:26 [INFO] [分镜图生成] ✅ 完成: recveQoCaHur7P
2026-03-25 15:49:26 [INFO] [分镜图生成] stdout: [2026-03-25 15:47:29] [INFO] storyboard task start | record_id='recveQoCaHur7P'
[2026-03-25 15:48:49] [INFO] storyboard task success | record_id='recveQoCaHur7P' shots=9
✅ 分镜图生成完成: /Users/ryanlynn/.openclaw/workspace-tk/storyboard_work/recveQoCaHur7P/recveQoCaHur7P_storyboard.png
2026-03-25 15:49:26 [ERROR] [分镜图生成] ❌ 失败: recveQoP1kYF15 stderr=ou are using a Python version 3.9 past its end of life. Google will update google-auth with critical bug fixes on a best-effort basis, but not with any other fixes or features. Please upgrade your Python version, and then update google-auth.
  warnings.warn(eol_message.format("3.9"), FutureWarning)

2026-03-25 15:49:26 [ERROR] [分镜图生成] 任务失败且超过重试上限: recveQoP1kYF15 retries=2 reason=ou are using a Python version 3.9 past its end of life. Google will update google-auth with critical bug fixes on a best-effort basis, but not with any other fixes or features. Please upgrade your Python version, and then update google-auth.
  warnings.warn(eol_message.format("3.9"), FutureWarning)

2026-03-25 15:49:27 [INFO] [分镜图生成] stdout: [2026-03-25 15:48:12] [INFO] storyboard task start | record_id='recveQoP1kYF15'
[2026-03-25 15:48:47] [ERROR] storyboard task failed | record_id='recveQoP1kYF15' error='模型返回空文本，无法提取 JSON'
❌ 模型返回空文本，无法提取 JSON
2026-03-25 15:49:27 [INFO] [逐镜头图片生成] ✅ 完成: recveReBEqf3Tb
2026-03-25 15:49:27 [INFO] [逐镜头图片生成] stdout: [2026-03-25 15:49:17] [INFO] shot storyboard render success | record_id='recveReBEqf3Tb'
✅ 单张分镜图生成完成: recveReBEqf3Tb
2026-03-25 15:49:36 [INFO] [分镜图生成] 🚀 已启动任务: task0030 (recveQoEmHVV39) retry=2
2026-03-25 15:49:39 [INFO] [分镜图生成] 🚀 已启动任务: task0032 (recveQoFrzjm6B) retry=0
2026-03-25 15:49:44 [INFO] [逐镜头图片生成] 🚀 已启动任务: recveReBEqAz2l (recveReBEqAz2l) retry=0
2026-03-25 15:50:15 [ERROR] [分镜图生成] ❌ 失败: recveQoEmHVV39 stderr=ou are using a Python version 3.9 past its end of life. Google will update google-auth with critical bug fixes on a best-effort basis, but not with any other fixes or features. Please upgrade your Python version, and then update google-auth.
  warnings.warn(eol_message.format("3.9"), FutureWarning)

2026-03-25 15:50:15 [ERROR] [分镜图生成] 任务失败且超过重试上限: recveQoEmHVV39 retries=2 reason=ou are using a Python version 3.9 past its end of life. Google will update google-auth with critical bug fixes on a best-effort basis, but not with any other fixes or features. Please upgrade your Python version, and then update google-auth.
  warnings.warn(eol_message.format("3.9"), FutureWarning)

2026-03-25 15:50:17 [INFO] [分镜图生成] stdout: [2026-03-25 15:49:37] [INFO] storyboard task start | record_id='recveQoEmHVV39'
[2026-03-25 15:50:12] [ERROR] storyboard task failed | record_id='recveQoEmHVV39' error='模型返回空文本，无法提取 JSON'
❌ 模型返回空文本，无法提取 JSON
2026-03-25 15:50:55 [INFO] [逐镜头图片生成] ✅ 完成: recveReBEqAz2l
2026-03-25 15:50:55 [INFO] [逐镜头图片生成] stdout: [2026-03-25 15:50:39] [INFO] shot storyboard render success | record_id='recveReBEqAz2l'
✅ 单张分镜图生成完成: recveReBEqAz2l
2026-03-25 15:51:35 [INFO] [分镜图生成] ✅ 完成: recveQoFrzjm6B
2026-03-25 15:51:35 [INFO] [分镜图生成] stdout: [2026-03-25 15:49:40] [INFO] storyboard task start | record_id='recveQoFrzjm6B'
[2026-03-25 15:51:01] [INFO] storyboard task success | record_id='recveQoFrzjm6B' shots=9
✅ 分镜图生成完成: /Users/ryanlynn/.openclaw/workspace-tk/storyboard_work/recveQoFrzjm6B/recveQoFrzjm6B_storyboard.png
2026-03-25 15:55:42 [INFO] 📊 今日运行统计 launched={'脚本分析': 32, '产品脚本生成': 12, '分镜图生成': 29, '逐镜头图片生成': 5} success={'脚本分析': 27, '产品脚本生成': 12, '分镜图生成': 19, '逐镜头图片生成': 4} failed={'脚本分析': 3, '分镜图生成': 6} retried={'脚本分析': 2, '分镜图生成': 4} timeouts={}
2026-03-25 15:58:22 [INFO] [逐镜头图片生成] 🚀 已启动任务: recveReBEqZX7j (recveReBEqZX7j) retry=0
2026-03-25 15:58:53 [INFO] [逐镜头图片生成] ✅ 完成: recveReBEqRZdB
2026-03-25 15:58:53 [INFO] [逐镜头图片生成] stdout: [2026-03-25 15:58:44] [INFO] shot storyboard render success | record_id='recveReBEqRZdB'
✅ 单张分镜图生成完成: recveReBEqRZdB
2026-03-25 15:59:06 [INFO] [逐镜头图片生成] 🚀 已启动任务: recveReBEqHxpV (recveReBEqHxpV) retry=0
2026-03-25 15:59:37 [INFO] [逐镜头图片生成] ✅ 完成: recveReBEqZX7j
2026-03-25 15:59:37 [INFO] [逐镜头图片生成] stdout: [2026-03-25 15:59:27] [INFO] shot storyboard render success | record_id='recveReBEqZX7j'
✅ 单张分镜图生成完成: recveReBEqZX7j
2026-03-25 15:59:47 [INFO] [逐镜头图片生成] 🚀 已启动任务: recveReBEqj1d3 (recveReBEqj1d3) retry=0
2026-03-25 16:00:18 [INFO] [逐镜头图片生成] ✅ 完成: recveReBEqHxpV
2026-03-25 16:00:18 [INFO] [逐镜头图片生成] stdout: [2026-03-25 16:00:10] [INFO] shot storyboard render success | record_id='recveReBEqHxpV'
✅ 单张分镜图生成完成: recveReBEqHxpV
2026-03-25 16:00:35 [INFO] [逐镜头图片生成] 🚀 已启动任务: recveReBEqRZdB (recveReBEqRZdB) retry=0
2026-03-25 16:01:06 [INFO] [逐镜头图片生成] ✅ 完成: recveReBEqj1d3
2026-03-25 16:01:07 [INFO] [逐镜头图片生成] stdout: [2026-03-25 16:00:48] [INFO] shot storyboard render success | record_id='recveReBEqj1d3'
✅ 单张分镜图生成完成: recveReBEqj1d3
2026-03-25 16:01:23 [INFO] [逐镜头图片生成] 🚀 已启动任务: recveReBEqf3Tb (recveReBEqf3Tb) retry=0
2026-03-25 16:01:54 [INFO] [逐镜头图片生成] ✅ 完成: recveReBEqRZdB
2026-03-25 16:01:54 [INFO] [逐镜头图片生成] stdout: [2026-03-25 16:01:41] [INFO] shot storyboard render success | record_id='recveReBEqRZdB'
✅ 单张分镜图生成完成: recveReBEqRZdB
2026-03-25 16:02:25 [INFO] [逐镜头图片生成] 🚀 已启动任务: recveReBEqAz2l (recveReBEqAz2l) retry=0
2026-03-25 16:02:56 [INFO] [逐镜头图片生成] ✅ 完成: recveReBEqf3Tb
2026-03-25 16:02:56 [INFO] [逐镜头图片生成] stdout: [2026-03-25 16:02:36] [INFO] shot storyboard render success | record_id='recveReBEqf3Tb'
✅ 单张分镜图生成完成: recveReBEqf3Tb
2026-03-25 16:03:46 [INFO] [逐镜头图片生成] ✅ 完成: recveReBEqAz2l
2026-03-25 16:03:46 [INFO] [逐镜头图片生成] stdout: [2026-03-25 16:03:39] [INFO] shot storyboard render success | record_id='recveReBEqAz2l'
✅ 单张分镜图生成完成: recveReBEqAz2l
2026-03-25 16:06:07 [INFO] 📊 今日运行统计 launched={'脚本分析': 32, '产品脚本生成': 12, '分镜图生成': 29, '逐镜头图片生成': 11} success={'脚本分析': 27, '产品脚本生成': 12, '分镜图生成': 19, '逐镜头图片生成': 11} failed={'脚本分析': 3, '分镜图生成': 6} retried={'脚本分析': 2, '分镜图生成': 4} timeouts={}
2026-03-25 16:16:25 [INFO] 📊 今日运行统计 launched={'脚本分析': 32, '产品脚本生成': 12, '分镜图生成': 29, '逐镜头图片生成': 11} success={'脚本分析': 27, '产品脚本生成': 12, '分镜图生成': 19, '逐镜头图片生成': 11} failed={'脚本分析': 3, '分镜图生成': 6} retried={'脚本分析': 2, '分镜图生成': 4} timeouts={}
2026-03-25 16:26:29 [INFO] 📊 今日运行统计 launched={'脚本分析': 32, '产品脚本生成': 12, '分镜图生成': 29, '逐镜头图片生成': 11} success={'脚本分析': 27, '产品脚本生成': 12, '分镜图生成': 19, '逐镜头图片生成': 11} failed={'脚本分析': 3, '分镜图生成': 6} retried={'脚本分析': 2, '分镜图生成': 4} timeouts={}
2026-03-25 16:35:51 [INFO] [产品脚本生成] 🚀 已启动任务: task0026 (recveQoB6b6Xms) retry=0
2026-03-25 16:35:55 [INFO] [产品脚本生成] 🚀 已启动任务: task0027 (recveQoBFOlRE6) retry=0
2026-03-25 16:36:41 [INFO] 📊 今日运行统计 launched={'脚本分析': 32, '产品脚本生成': 14, '分镜图生成': 29, '逐镜头图片生成': 11} success={'脚本分析': 27, '产品脚本生成': 12, '分镜图生成': 19, '逐镜头图片生成': 11} failed={'脚本分析': 3, '分镜图生成': 6} retried={'脚本分析': 2, '分镜图生成': 4} timeouts={}
2026-03-25 16:37:11 [INFO] [产品脚本生成] ✅ 完成: recveQoB6b6Xms
2026-03-25 16:37:11 [INFO] [产品脚本生成] stdout: script generation task start | record_id='recveQoB6b6Xms'
[2026-03-25 16:37:02] [INFO] script generation task success | record_id='recveQoB6b6Xms' result_len=957 reference_count=5 selected_refs=['recveEKtxdzXpK', 'recveQ5Ckxapz8', 'recveEKtxd54bh', 'recveEKtxdLg31', 'recveEKtxdIpLv']
✅ 脚本生成完成 (957字)
2026-03-25 16:37:50 [INFO] [产品脚本生成] ✅ 完成: recveQoBFOlRE6
2026-03-25 16:37:50 [INFO] [产品脚本生成] stdout: ript generation task start | record_id='recveQoBFOlRE6'
[2026-03-25 16:37:15] [INFO] script generation task success | record_id='recveQoBFOlRE6' result_len=1046 reference_count=5 selected_refs=['recveEKtxdzXpK', 'recveQ5Ckxapz8', 'recveEKtxd54bh', 'recveEKtxdLg31', 'recveEKtxdIpLv']
✅ 脚本生成完成 (1046字)
2026-03-25 16:40:38 [INFO] [产品脚本生成] 🚀 已启动任务: task0035 (recveQoP1kYF15) retry=0
2026-03-25 16:40:43 [INFO] [产品脚本生成] 🚀 已启动任务: task0030 (recveQoEmHVV39) retry=0
2026-03-25 16:40:48 [INFO] [分镜图生成] 🚀 已启动任务: task0026 (recveQoB6b6Xms) retry=0
2026-03-25 16:40:52 [INFO] [分镜图生成] 🚀 已启动任务: task0027 (recveQoBFOlRE6) retry=0
2026-03-25 16:41:36 [INFO] [逐镜头图片生成] 🚀 已启动任务: recveReBEqZX7j (recveReBEqZX7j) retry=0
2026-03-25 16:41:39 [INFO] [逐镜头图片生成] 🚀 已启动任务: recveReBEqRZdB (recveReBEqRZdB) retry=0
2026-03-25 16:42:10 [INFO] [产品脚本生成] ✅ 完成: recveQoP1kYF15
2026-03-25 16:42:10 [INFO] [产品脚本生成] stdout: script generation task start | record_id='recveQoP1kYF15'
[2026-03-25 16:41:47] [INFO] script generation task success | record_id='recveQoP1kYF15' result_len=945 reference_count=5 selected_refs=['recveEKtxdzXpK', 'recveQ5Ckxapz8', 'recveEKtxd54bh', 'recveEKtxdLg31', 'recveEKtxdIpLv']
✅ 脚本生成完成 (945字)
2026-03-25 16:42:10 [INFO] [产品脚本生成] ✅ 完成: recveQoEmHVV39
2026-03-25 16:42:10 [INFO] [产品脚本生成] stdout: script generation task start | record_id='recveQoEmHVV39'
[2026-03-25 16:41:55] [INFO] script generation task success | record_id='recveQoEmHVV39' result_len=897 reference_count=5 selected_refs=['recveEKtxdzXpK', 'recveQ5Ckxapz8', 'recveEKtxd54bh', 'recveEKtxdLg31', 'recveEKtxdIpLv']
✅ 脚本生成完成 (897字)
2026-03-25 16:42:10 [INFO] [分镜图生成] ✅ 完成: recveQoB6b6Xms
2026-03-25 16:42:10 [INFO] [分镜图生成] stdout: [2026-03-25 16:40:49] [INFO] storyboard task start | record_id='recveQoB6b6Xms'
[2026-03-25 16:41:58] [INFO] storyboard task success | record_id='recveQoB6b6Xms' shots=9
✅ 分镜图生成完成: /Users/ryanlynn/.openclaw/workspace-tk/storyboard_work/recveQoB6b6Xms/recveQoB6b6Xms_storyboard.png
2026-03-25 16:42:21 [INFO] [分镜图生成] 🚀 已启动任务: task0028 (recveQoBW0vpkq) retry=0
2026-03-25 16:42:26 [INFO] [逐镜头脚本生成] 🚀 已启动任务: 逐镜头脚本测试-宠物尿味分解除臭喷雾 (recveQZG9097ig) retry=0
2026-03-25 16:42:58 [INFO] [分镜图生成] ✅ 完成: recveQoBFOlRE6
2026-03-25 16:42:58 [INFO] [分镜图生成] stdout: [2026-03-25 16:40:52] [INFO] storyboard task start | record_id='recveQoBFOlRE6'
[2026-03-25 16:42:28] [INFO] storyboard task success | record_id='recveQoBFOlRE6' shots=9
✅ 分镜图生成完成: /Users/ryanlynn/.openclaw/workspace-tk/storyboard_work/recveQoBFOlRE6/recveQoBFOlRE6_storyboard.png
2026-03-25 16:42:58 [INFO] [逐镜头图片生成] ✅ 完成: recveReBEqZX7j
2026-03-25 16:42:58 [INFO] [逐镜头图片生成] stdout: [2026-03-25 16:42:39] [INFO] shot storyboard render success | record_id='recveReBEqZX7j'
✅ 单张分镜图生成完成: recveReBEqZX7j
2026-03-25 16:42:58 [INFO] [逐镜头图片生成] ✅ 完成: recveReBEqRZdB
2026-03-25 16:42:58 [INFO] [逐镜头图片生成] stdout: [2026-03-25 16:42:42] [INFO] shot storyboard render success | record_id='recveReBEqRZdB'
✅ 单张分镜图生成完成: recveReBEqRZdB
2026-03-25 16:43:08 [INFO] [分镜图生成] 🚀 已启动任务: task0029 (recveQoCaHur7P) retry=0
2026-03-25 16:43:13 [INFO] [逐镜头图片生成] 🚀 已启动任务: recveReBEqHxpV (recveReBEqHxpV) retry=0
2026-03-25 16:43:17 [INFO] [逐镜头图片生成] 🚀 已启动任务: recveReBEqj1d3 (recveReBEqj1d3) retry=0
2026-03-25 16:43:48 [INFO] [分镜图生成] ✅ 完成: recveQoBW0vpkq
2026-03-25 16:43:48 [INFO] [分镜图生成] stdout: [2026-03-25 16:42:22] [INFO] storyboard task start | record_id='recveQoBW0vpkq'
[2026-03-25 16:43:27] [INFO] storyboard task success | record_id='recveQoBW0vpkq' shots=9
✅ 分镜图生成完成: /Users/ryanlynn/.openclaw/workspace-tk/storyboard_work/recveQoBW0vpkq/recveQoBW0vpkq_storyboard.png
2026-03-25 16:44:26 [INFO] [逐镜头脚本生成] ✅ 完成: recveQZG9097ig
2026-03-25 16:44:26 [INFO] [逐镜头脚本生成] stdout: [2026-03-25 16:42:26] [INFO] shot script task start | record_id='recveQZG9097ig'
[2026-03-25 16:44:07] [INFO] shot script task success | record_id='recveQZG9097ig' shot_count=6
✅ 逐镜头脚本生成完成 (6个镜头)
2026-03-25 16:44:26 [INFO] [逐镜头图片生成] ✅ 完成: recveReBEqHxpV
2026-03-25 16:44:26 [INFO] [逐镜头图片生成] stdout: [2026-03-25 16:44:19] [INFO] shot storyboard render success | record_id='recveReBEqHxpV'
✅ 单张分镜图生成完成: recveReBEqHxpV
2026-03-25 16:44:26 [INFO] [逐镜头图片生成] ✅ 完成: recveReBEqj1d3
2026-03-25 16:44:26 [INFO] [逐镜头图片生成] stdout: [2026-03-25 16:44:21] [INFO] shot storyboard render success | record_id='recveReBEqj1d3'
✅ 单张分镜图生成完成: recveReBEqj1d3
2026-03-25 16:44:39 [INFO] [逐镜头图片生成] 🚀 已启动任务: recveReBEqf3Tb (recveReBEqf3Tb) retry=0
2026-03-25 16:44:43 [INFO] [逐镜头图片生成] 🚀 已启动任务: recveReBEqAz2l (recveReBEqAz2l) retry=0
2026-03-25 16:45:13 [INFO] [分镜图生成] ✅ 完成: recveQoCaHur7P
2026-03-25 16:45:13 [INFO] [分镜图生成] stdout: [2026-03-25 16:43:10] [INFO] storyboard task start | record_id='recveQoCaHur7P'
[2026-03-25 16:44:39] [INFO] storyboard task success | record_id='recveQoCaHur7P' shots=9
✅ 分镜图生成完成: /Users/ryanlynn/.openclaw/workspace-tk/storyboard_work/recveQoCaHur7P/recveQoCaHur7P_storyboard.png
2026-03-25 16:45:54 [INFO] [逐镜头图片生成] ✅ 完成: recveReBEqf3Tb
2026-03-25 16:45:54 [INFO] [逐镜头图片生成] stdout: [2026-03-25 16:45:48] [INFO] shot storyboard render success | record_id='recveReBEqf3Tb'
✅ 单张分镜图生成完成: recveReBEqf3Tb
2026-03-25 16:46:38 [INFO] [逐镜头图片生成] ✅ 完成: recveReBEqAz2l
2026-03-25 16:46:38 [INFO] [逐镜头图片生成] stdout: [2026-03-25 16:45:57] [INFO] shot storyboard render success | record_id='recveReBEqAz2l'
✅ 单张分镜图生成完成: recveReBEqAz2l
2026-03-25 16:46:50 [INFO] 📊 今日运行统计 launched={'脚本分析': 32, '产品脚本生成': 16, '分镜图生成': 33, '逐镜头图片生成': 17, '逐镜头脚本生成': 1} success={'脚本分析': 27, '产品脚本生成': 16, '分镜图生成': 23, '逐镜头图片生成': 17, '逐镜头脚本生成': 1} failed={'脚本分析': 3, '分镜图生成': 6} retried={'脚本分析': 2, '分镜图生成': 4} timeouts={}
2026-03-25 16:47:30 [INFO] [逐镜头图片生成] 🚀 已启动任务: recveReBEqZX7j (recveReBEqZX7j) retry=0
2026-03-25 16:47:34 [INFO] [逐镜头图片生成] 🚀 已启动任务: recveReBEqRZdB (recveReBEqRZdB) retry=0
2026-03-25 16:48:44 [INFO] [逐镜头图片生成] ✅ 完成: recveReBEqZX7j
2026-03-25 16:48:44 [INFO] [逐镜头图片生成] stdout: [2026-03-25 16:48:33] [INFO] shot storyboard render success | record_id='recveReBEqZX7j'
✅ 单张分镜图生成完成: recveReBEqZX7j
2026-03-25 16:48:44 [INFO] [逐镜头图片生成] ✅ 完成: recveReBEqRZdB
2026-03-25 16:48:44 [INFO] [逐镜头图片生成] stdout: [2026-03-25 16:48:24] [INFO] shot storyboard render success | record_id='recveReBEqRZdB'
✅ 单张分镜图生成完成: recveReBEqRZdB
2026-03-25 16:48:54 [INFO] [逐镜头图片生成] 🚀 已启动任务: recveReBEqHxpV (recveReBEqHxpV) retry=0
2026-03-25 16:48:57 [INFO] [逐镜头图片生成] 🚀 已启动任务: recveReBEqj1d3 (recveReBEqj1d3) retry=0
2026-03-25 16:50:08 [INFO] [逐镜头图片生成] ✅ 完成: recveReBEqj1d3
2026-03-25 16:50:08 [INFO] [逐镜头图片生成] stdout: [2026-03-25 16:49:51] [INFO] shot storyboard render success | record_id='recveReBEqj1d3'
✅ 单张分镜图生成完成: recveReBEqj1d3
2026-03-25 16:50:19 [INFO] [逐镜头图片生成] 🚀 已启动任务: recveReBEqf3Tb (recveReBEqf3Tb) retry=0
2026-03-25 16:50:50 [INFO] [逐镜头图片生成] ✅ 完成: recveReBEqHxpV
2026-03-25 16:50:50 [INFO] [逐镜头图片生成] stdout: [2026-03-25 16:50:09] [INFO] shot storyboard render success | record_id='recveReBEqHxpV'
✅ 单张分镜图生成完成: recveReBEqHxpV
2026-03-25 16:51:00 [INFO] [逐镜头图片生成] 🚀 已启动任务: recveReBEqAz2l (recveReBEqAz2l) retry=0
2026-03-25 16:51:31 [INFO] [逐镜头图片生成] ✅ 完成: recveReBEqf3Tb
2026-03-25 16:51:31 [INFO] [逐镜头图片生成] stdout: [2026-03-25 16:51:28] [INFO] shot storyboard render success | record_id='recveReBEqf3Tb'
✅ 单张分镜图生成完成: recveReBEqf3Tb
2026-03-25 16:52:10 [INFO] [逐镜头图片生成] ✅ 完成: recveReBEqAz2l
2026-03-25 16:52:10 [INFO] [逐镜头图片生成] stdout: [2026-03-25 16:52:04] [INFO] shot storyboard render success | record_id='recveReBEqAz2l'
✅ 单张分镜图生成完成: recveReBEqAz2l
2026-03-25 16:56:56 [INFO] 📊 今日运行统计 launched={'脚本分析': 32, '产品脚本生成': 16, '分镜图生成': 33, '逐镜头图片生成': 23, '逐镜头脚本生成': 1} success={'脚本分析': 27, '产品脚本生成': 16, '分镜图生成': 23, '逐镜头图片生成': 23, '逐镜头脚本生成': 1} failed={'脚本分析': 3, '分镜图生成': 6} retried={'脚本分析': 2, '分镜图生成': 4} timeouts={}
[2026-03-25 17:04:28] [WARN] GET https://open.feishu.cn/open-apis/bitable/v1/apps/LBWUbgRfEavAgjsXNIhcpo0Dnvb/tables/tbl2Yp6T4jDN8Rfr/records?page_size=100 failed | attempt=1 max_attempts=3 error="HTTPSConnectionPool(host='open.feishu.cn', port=443): Read timed out. (read timeout=15)"
[2026-03-25 17:04:35] [WARN] GET https://open.feishu.cn/open-apis/bitable/v1/apps/LBWUbgRfEavAgjsXNIhcpo0Dnvb/tables/tbl2Yp6T4jDN8Rfr/records?page_size=100 failed | attempt=2 max_attempts=3 error="HTTPSConnectionPool(host='open.feishu.cn', port=443): Max retries exceeded with url: /open-apis/bitable/v1/apps/LBWUbgRfEavAgjsXNIhcpo0Dnvb/tables/tbl2Yp6T4jDN8Rfr/records?page_size=100 (Caused by SSLError(SSLEOFError(8, 'EOF occurred in violation of protocol (_ssl.c:1129)')))"
[2026-03-25 17:04:38] [WARN] GET https://open.feishu.cn/open-apis/bitable/v1/apps/LBWUbgRfEavAgjsXNIhcpo0Dnvb/tables/tbl2Yp6T4jDN8Rfr/records?page_size=100 failed | attempt=3 max_attempts=3 error="HTTPSConnectionPool(host='open.feishu.cn', port=443): Max retries exceeded with url: /open-apis/bitable/v1/apps/LBWUbgRfEavAgjsXNIhcpo0Dnvb/tables/tbl2Yp6T4jDN8Rfr/records?page_size=100 (Caused by SSLError(SSLEOFError(8, 'EOF occurred in violation of protocol (_ssl.c:1129)')))"
2026-03-25 17:04:38 [ERROR] [分镜图生成] 读取表失败: HTTPSConnectionPool(host='open.feishu.cn', port=443): Max retries exceeded with url: /open-apis/bitable/v1/apps/LBWUbgRfEavAgjsXNIhcpo0Dnvb/tables/tbl2Yp6T4jDN8Rfr/records?page_size=100 (Caused by SSLError(SSLEOFError(8, 'EOF occurred in violation of protocol (_ssl.c:1129)')))
[2026-03-25 17:04:38] [WARN] GET https://open.feishu.cn/open-apis/bitable/v1/apps/LBWUbgRfEavAgjsXNIhcpo0Dnvb/tables/tblRf9jAD00Jma9p/records?page_size=100 failed | attempt=1 max_attempts=3 error="HTTPSConnectionPool(host='open.feishu.cn', port=443): Max retries exceeded with url: /open-apis/bitable/v1/apps/LBWUbgRfEavAgjsXNIhcpo0Dnvb/tables/tblRf9jAD00Jma9p/records?page_size=100 (Caused by SSLError(SSLEOFError(8, 'EOF occurred in violation of protocol (_ssl.c:1129)')))"
[2026-03-25 17:04:40] [WARN] GET https://open.feishu.cn/open-apis/bitable/v1/apps/LBWUbgRfEavAgjsXNIhcpo0Dnvb/tables/tblRf9jAD00Jma9p/records?page_size=100 failed | attempt=2 max_attempts=3 error="HTTPSConnectionPool(host='open.feishu.cn', port=443): Max retries exceeded with url: /open-apis/bitable/v1/apps/LBWUbgRfEavAgjsXNIhcpo0Dnvb/tables/tblRf9jAD00Jma9p/records?page_size=100 (Caused by SSLError(SSLEOFError(8, 'EOF occurred in violation of protocol (_ssl.c:1129)')))"
[2026-03-25 17:04:44] [WARN] GET https://open.feishu.cn/open-apis/bitable/v1/apps/LBWUbgRfEavAgjsXNIhcpo0Dnvb/tables/tblRf9jAD00Jma9p/records?page_size=100 failed | attempt=3 max_attempts=3 error="HTTPSConnectionPool(host='open.feishu.cn', port=443): Max retries exceeded with url: /open-apis/bitable/v1/apps/LBWUbgRfEavAgjsXNIhcpo0Dnvb/tables/tblRf9jAD00Jma9p/records?page_size=100 (Caused by SSLError(SSLEOFError(8, 'EOF occurred in violation of protocol (_ssl.c:1129)')))"
2026-03-25 17:04:44 [ERROR] [逐镜头脚本生成] 读取表失败: HTTPSConnectionPool(host='open.feishu.cn', port=443): Max retries exceeded with url: /open-apis/bitable/v1/apps/LBWUbgRfEavAgjsXNIhcpo0Dnvb/tables/tblRf9jAD00Jma9p/records?page_size=100 (Caused by SSLError(SSLEOFError(8, 'EOF occurred in violation of protocol (_ssl.c:1129)')))
[2026-03-25 17:04:44] [WARN] GET https://open.feishu.cn/open-apis/bitable/v1/apps/LBWUbgRfEavAgjsXNIhcpo0Dnvb/tables/tblRVg5Ob7VW2zCI/records?page_size=100 failed | attempt=1 max_attempts=3 error="HTTPSConnectionPool(host='open.feishu.cn', port=443): Max retries exceeded with url: /open-apis/bitable/v1/apps/LBWUbgRfEavAgjsXNIhcpo0Dnvb/tables/tblRVg5Ob7VW2zCI/records?page_size=100 (Caused by SSLError(SSLEOFError(8, 'EOF occurred in violation of protocol (_ssl.c:1129)')))"
[2026-03-25 17:04:45] [WARN] GET https://open.feishu.cn/open-apis/bitable/v1/apps/LBWUbgRfEavAgjsXNIhcpo0Dnvb/tables/tblRVg5Ob7VW2zCI/records?page_size=100 failed | attempt=2 max_attempts=3 error="('Connection aborted.', ConnectionResetError(54, 'Connection reset by peer'))"
[2026-03-25 17:04:49] [WARN] GET https://open.feishu.cn/open-apis/bitable/v1/apps/LBWUbgRfEavAgjsXNIhcpo0Dnvb/tables/tblRVg5Ob7VW2zCI/records?page_size=100 failed | attempt=3 max_attempts=3 error="HTTPSConnectionPool(host='open.feishu.cn', port=443): Max retries exceeded with url: /open-apis/bitable/v1/apps/LBWUbgRfEavAgjsXNIhcpo0Dnvb/tables/tblRVg5Ob7VW2zCI/records?page_size=100 (Caused by SSLError(SSLEOFError(8, 'EOF occurred in violation of protocol (_ssl.c:1129)')))"
2026-03-25 17:04:49 [ERROR] [逐镜头图片生成] 读取表失败: HTTPSConnectionPool(host='open.feishu.cn', port=443): Max retries exceeded with url: /open-apis/bitable/v1/apps/LBWUbgRfEavAgjsXNIhcpo0Dnvb/tables/tblRVg5Ob7VW2zCI/records?page_size=100 (Caused by SSLError(SSLEOFError(8, 'EOF occurred in violation of protocol (_ssl.c:1129)')))
[2026-03-25 17:04:49] [WARN] GET https://open.feishu.cn/open-apis/bitable/v1/apps/LBWUbgRfEavAgjsXNIhcpo0Dnvb/tables/tblQdTGSsmQbPMQd/records?page_size=100 failed | attempt=1 max_attempts=3 error="HTTPSConnectionPool(host='open.feishu.cn', port=443): Max retries exceeded with url: /open-apis/bitable/v1/apps/LBWUbgRfEavAgjsXNIhcpo0Dnvb/tables/tblQdTGSsmQbPMQd/records?page_size=100 (Caused by SSLError(SSLEOFError(8, 'EOF occurred in violation of protocol (_ssl.c:1129)')))"
[2026-03-25 17:04:51] [WARN] GET https://open.feishu.cn/open-apis/bitable/v1/apps/LBWUbgRfEavAgjsXNIhcpo0Dnvb/tables/tblQdTGSsmQbPMQd/records?page_size=100 failed | attempt=2 max_attempts=3 error="HTTPSConnectionPool(host='open.feishu.cn', port=443): Max retries exceeded with url: /open-apis/bitable/v1/apps/LBWUbgRfEavAgjsXNIhcpo0Dnvb/tables/tblQdTGSsmQbPMQd/records?page_size=100 (Caused by SSLError(SSLEOFError(8, 'EOF occurred in violation of protocol (_ssl.c:1129)')))"
[2026-03-25 17:04:55] [WARN] GET https://open.feishu.cn/open-apis/bitable/v1/apps/LBWUbgRfEavAgjsXNIhcpo0Dnvb/tables/tblQdTGSsmQbPMQd/records?page_size=100 failed | attempt=3 max_attempts=3 error="HTTPSConnectionPool(host='open.feishu.cn', port=443): Max retries exceeded with url: /open-apis/bitable/v1/apps/LBWUbgRfEavAgjsXNIhcpo0Dnvb/tables/tblQdTGSsmQbPMQd/records?page_size=100 (Caused by SSLError(SSLEOFError(8, 'EOF occurred in violation of protocol (_ssl.c:1129)')))"
2026-03-25 17:04:55 [ERROR] [视频制作] 读取表失败: HTTPSConnectionPool(host='open.feishu.cn', port=443): Max retries exceeded with url: /open-apis/bitable/v1/apps/LBWUbgRfEavAgjsXNIhcpo0Dnvb/tables/tblQdTGSsmQbPMQd/records?page_size=100 (Caused by SSLError(SSLEOFError(8, 'EOF occurred in violation of protocol (_ssl.c:1129)')))
2026-03-25 17:07:11 [ERROR] 刷新 token 失败: HTTPSConnectionPool(host='open.feishu.cn', port=443): Max retries exceeded with url: /open-apis/auth/v3/tenant_access_token/internal (Caused by SSLError(SSLEOFError(8, 'EOF occurred in violation of protocol (_ssl.c:1129)')))
2026-03-25 17:09:28 [INFO] 📊 今日运行统计 launched={'脚本分析': 32, '产品脚本生成': 16, '分镜图生成': 33, '逐镜头图片生成': 23, '逐镜头脚本生成': 1} success={'脚本分析': 27, '产品脚本生成': 16, '分镜图生成': 23, '逐镜头图片生成': 23, '逐镜头脚本生成': 1} failed={'脚本分析': 3, '分镜图生成': 6} retried={'脚本分析': 2, '分镜图生成': 4} timeouts={}
2026-03-25 17:36:34 [ERROR] 刷新 token 失败: HTTPSConnectionPool(host='open.feishu.cn', port=443): Max retries exceeded with url: /open-apis/auth/v3/tenant_access_token/internal (Caused by SSLError(SSLEOFError(8, 'EOF occurred in violation of protocol (_ssl.c:1129)')))
2026-03-25 17:37:04 [ERROR] 刷新 token 失败: HTTPSConnectionPool(host='open.feishu.cn', port=443): Max retries exceeded with url: /open-apis/auth/v3/tenant_access_token/internal (Caused by SSLError(SSLEOFError(8, 'EOF occurred in violation of protocol (_ssl.c:1129)')))
2026-03-25 17:38:23 [INFO] 📊 今日运行统计 launched={'脚本分析': 32, '产品脚本生成': 16, '分镜图生成': 33, '逐镜头图片生成': 23, '逐镜头脚本生成': 1} success={'脚本分析': 27, '产品脚本生成': 16, '分镜图生成': 23, '逐镜头图片生成': 23, '逐镜头脚本生成': 1} failed={'脚本分析': 3, '分镜图生成': 6} retried={'脚本分析': 2, '分镜图生成': 4} timeouts={}
2026-03-25 17:44:15 [INFO] [逐镜头图片生成] 🚀 已启动任务: recveReBEqZX7j (recveReBEqZX7j) retry=0
2026-03-25 17:44:18 [INFO] [逐镜头图片生成] 🚀 已启动任务: recveReBEqRZdB (recveReBEqRZdB) retry=0
2026-03-25 17:44:49 [ERROR] [逐镜头图片生成] ❌ 失败: recveReBEqZX7j stderr=ou are using a Python version 3.9 past its end of life. Google will update google-auth with critical bug fixes on a best-effort basis, but not with any other fixes or features. Please upgrade your Python version, and then update google-auth.
  warnings.warn(eol_message.format("3.9"), FutureWarning)

2026-03-25 17:44:51 [WARNING] [逐镜头图片生成] 任务失败，已回退待重试: recveReBEqZX7j (1/2) reason=ou are using a Python version 3.9 past its end of life. Google will update google-auth with critical bug fixes on a best-effort basis, but not with any other fixes or features. Please upgrade your Python version, and then update google-auth.
  warnings.warn(eol_message.format("3.9"), FutureWarning)

2026-03-25 17:44:51 [INFO] [逐镜头图片生成] stdout: [2026-03-25 17:44:19] [ERROR] shot storyboard task failed | action='render' record_id='recveReBEqZX7j' error="local variable 'config' referenced before assignment"
❌ local variable 'config' referenced before assignment
2026-03-25 17:44:51 [ERROR] [逐镜头图片生成] ❌ 失败: recveReBEqRZdB stderr=ou are using a Python version 3.9 past its end of life. Google will update google-auth with critical bug fixes on a best-effort basis, but not with any other fixes or features. Please upgrade your Python version, and then update google-auth.
  warnings.warn(eol_message.format("3.9"), FutureWarning)

2026-03-25 17:44:53 [WARNING] [逐镜头图片生成] 任务失败，已回退待重试: recveReBEqRZdB (1/2) reason=ou are using a Python version 3.9 past its end of life. Google will update google-auth with critical bug fixes on a best-effort basis, but not with any other fixes or features. Please upgrade your Python version, and then update google-auth.
  warnings.warn(eol_message.format("3.9"), FutureWarning)

2026-03-25 17:44:53 [INFO] [逐镜头图片生成] stdout: [2026-03-25 17:44:21] [ERROR] shot storyboard task failed | action='render' record_id='recveReBEqRZdB' error="local variable 'config' referenced before assignment"
❌ local variable 'config' referenced before assignment
2026-03-25 17:45:03 [INFO] [逐镜头图片生成] 🚀 已启动任务: recveReBEqZX7j (recveReBEqZX7j) retry=1
2026-03-25 17:45:06 [INFO] [逐镜头图片生成] 🚀 已启动任务: recveReBEqRZdB (recveReBEqRZdB) retry=1
2026-03-25 17:45:37 [ERROR] [逐镜头图片生成] ❌ 失败: recveReBEqZX7j stderr=ou are using a Python version 3.9 past its end of life. Google will update google-auth with critical bug fixes on a best-effort basis, but not with any other fixes or features. Please upgrade your Python version, and then update google-auth.
  warnings.warn(eol_message.format("3.9"), FutureWarning)

2026-03-25 17:45:38 [WARNING] [逐镜头图片生成] 任务失败，已回退待重试: recveReBEqZX7j (2/2) reason=ou are using a Python version 3.9 past its end of life. Google will update google-auth with critical bug fixes on a best-effort basis, but not with any other fixes or features. Please upgrade your Python version, and then update google-auth.
  warnings.warn(eol_message.format("3.9"), FutureWarning)

2026-03-25 17:45:38 [INFO] [逐镜头图片生成] stdout: [2026-03-25 17:45:07] [ERROR] shot storyboard task failed | action='render' record_id='recveReBEqZX7j' error="local variable 'config' referenced before assignment"
❌ local variable 'config' referenced before assignment
2026-03-25 17:45:38 [ERROR] [逐镜头图片生成] ❌ 失败: recveReBEqRZdB stderr=ou are using a Python version 3.9 past its end of life. Google will update google-auth with critical bug fixes on a best-effort basis, but not with any other fixes or features. Please upgrade your Python version, and then update google-auth.
  warnings.warn(eol_message.format("3.9"), FutureWarning)

2026-03-25 17:45:40 [WARNING] [逐镜头图片生成] 任务失败，已回退待重试: recveReBEqRZdB (2/2) reason=ou are using a Python version 3.9 past its end of life. Google will update google-auth with critical bug fixes on a best-effort basis, but not with any other fixes or features. Please upgrade your Python version, and then update google-auth.
  warnings.warn(eol_message.format("3.9"), FutureWarning)

2026-03-25 17:45:40 [INFO] [逐镜头图片生成] stdout: [2026-03-25 17:45:10] [ERROR] shot storyboard task failed | action='render' record_id='recveReBEqRZdB' error="local variable 'config' referenced before assignment"
❌ local variable 'config' referenced before assignment
2026-03-25 17:45:51 [INFO] [逐镜头图片生成] 🚀 已启动任务: recveReBEqZX7j (recveReBEqZX7j) retry=2
2026-03-25 17:45:54 [INFO] [逐镜头图片生成] 🚀 已启动任务: recveReBEqRZdB (recveReBEqRZdB) retry=2
2026-03-25 17:46:25 [ERROR] [逐镜头图片生成] ❌ 失败: recveReBEqZX7j stderr=ou are using a Python version 3.9 past its end of life. Google will update google-auth with critical bug fixes on a best-effort basis, but not with any other fixes or features. Please upgrade your Python version, and then update google-auth.
  warnings.warn(eol_message.format("3.9"), FutureWarning)

2026-03-25 17:46:25 [ERROR] [逐镜头图片生成] 任务失败且超过重试上限: recveReBEqZX7j retries=2 reason=ou are using a Python version 3.9 past its end of life. Google will update google-auth with critical bug fixes on a best-effort basis, but not with any other fixes or features. Please upgrade your Python version, and then update google-auth.
  warnings.warn(eol_message.format("3.9"), FutureWarning)

2026-03-25 17:46:26 [INFO] [逐镜头图片生成] stdout: [2026-03-25 17:45:54] [ERROR] shot storyboard task failed | action='render' record_id='recveReBEqZX7j' error="local variable 'config' referenced before assignment"
❌ local variable 'config' referenced before assignment
2026-03-25 17:46:26 [ERROR] [逐镜头图片生成] ❌ 失败: recveReBEqRZdB stderr=ou are using a Python version 3.9 past its end of life. Google will update google-auth with critical bug fixes on a best-effort basis, but not with any other fixes or features. Please upgrade your Python version, and then update google-auth.
  warnings.warn(eol_message.format("3.9"), FutureWarning)

2026-03-25 17:46:26 [ERROR] [逐镜头图片生成] 任务失败且超过重试上限: recveReBEqRZdB retries=2 reason=ou are using a Python version 3.9 past its end of life. Google will update google-auth with critical bug fixes on a best-effort basis, but not with any other fixes or features. Please upgrade your Python version, and then update google-auth.
  warnings.warn(eol_message.format("3.9"), FutureWarning)

2026-03-25 17:46:27 [INFO] [逐镜头图片生成] stdout: [2026-03-25 17:45:57] [ERROR] shot storyboard task failed | action='render' record_id='recveReBEqRZdB' error="local variable 'config' referenced before assignment"
❌ local variable 'config' referenced before assignment
2026-03-25 17:46:38 [INFO] [逐镜头图片生成] 🚀 已启动任务: recveReBEqHxpV (recveReBEqHxpV) retry=0
2026-03-25 17:46:41 [INFO] [逐镜头图片生成] 🚀 已启动任务: recveReBEqj1d3 (recveReBEqj1d3) retry=0
2026-03-25 17:47:12 [ERROR] [逐镜头图片生成] ❌ 失败: recveReBEqHxpV stderr=ou are using a Python version 3.9 past its end of life. Google will update google-auth with critical bug fixes on a best-effort basis, but not with any other fixes or features. Please upgrade your Python version, and then update google-auth.
  warnings.warn(eol_message.format("3.9"), FutureWarning)

2026-03-25 17:47:15 [WARNING] [逐镜头图片生成] 任务失败，已回退待重试: recveReBEqHxpV (1/2) reason=ou are using a Python version 3.9 past its end of life. Google will update google-auth with critical bug fixes on a best-effort basis, but not with any other fixes or features. Please upgrade your Python version, and then update google-auth.
  warnings.warn(eol_message.format("3.9"), FutureWarning)

2026-03-25 17:47:15 [INFO] [逐镜头图片生成] stdout: [2026-03-25 17:46:41] [ERROR] shot storyboard task failed | action='render' record_id='recveReBEqHxpV' error="local variable 'config' referenced before assignment"
❌ local variable 'config' referenced before assignment
2026-03-25 17:47:15 [ERROR] [逐镜头图片生成] ❌ 失败: recveReBEqj1d3 stderr=ou are using a Python version 3.9 past its end of life. Google will update google-auth with critical bug fixes on a best-effort basis, but not with any other fixes or features. Please upgrade your Python version, and then update google-auth.
  warnings.warn(eol_message.format("3.9"), FutureWarning)

2026-03-25 17:47:16 [WARNING] [逐镜头图片生成] 任务失败，已回退待重试: recveReBEqj1d3 (1/2) reason=ou are using a Python version 3.9 past its end of life. Google will update google-auth with critical bug fixes on a best-effort basis, but not with any other fixes or features. Please upgrade your Python version, and then update google-auth.
  warnings.warn(eol_message.format("3.9"), FutureWarning)

2026-03-25 17:47:16 [INFO] [逐镜头图片生成] stdout: [2026-03-25 17:46:45] [ERROR] shot storyboard task failed | action='render' record_id='recveReBEqj1d3' error="local variable 'config' referenced before assignment"
❌ local variable 'config' referenced before assignment
2026-03-25 17:47:26 [INFO] [逐镜头图片生成] 🚀 已启动任务: recveReBEqHxpV (recveReBEqHxpV) retry=1
2026-03-25 17:47:28 [INFO] [逐镜头图片生成] 🚀 已启动任务: recveReBEqj1d3 (recveReBEqj1d3) retry=1
2026-03-25 17:47:59 [ERROR] [逐镜头图片生成] ❌ 失败: recveReBEqHxpV stderr=ou are using a Python version 3.9 past its end of life. Google will update google-auth with critical bug fixes on a best-effort basis, but not with any other fixes or features. Please upgrade your Python version, and then update google-auth.
  warnings.warn(eol_message.format("3.9"), FutureWarning)

2026-03-25 17:48:01 [WARNING] [逐镜头图片生成] 任务失败，已回退待重试: recveReBEqHxpV (2/2) reason=ou are using a Python version 3.9 past its end of life. Google will update google-auth with critical bug fixes on a best-effort basis, but not with any other fixes or features. Please upgrade your Python version, and then update google-auth.
  warnings.warn(eol_message.format("3.9"), FutureWarning)

2026-03-25 17:48:01 [INFO] [逐镜头图片生成] stdout: [2026-03-25 17:47:29] [ERROR] shot storyboard task failed | action='render' record_id='recveReBEqHxpV' error="local variable 'config' referenced before assignment"
❌ local variable 'config' referenced before assignment
2026-03-25 17:48:01 [ERROR] [逐镜头图片生成] ❌ 失败: recveReBEqj1d3 stderr=ou are using a Python version 3.9 past its end of life. Google will update google-auth with critical bug fixes on a best-effort basis, but not with any other fixes or features. Please upgrade your Python version, and then update google-auth.
  warnings.warn(eol_message.format("3.9"), FutureWarning)

2026-03-25 17:48:04 [WARNING] [逐镜头图片生成] 任务失败，已回退待重试: recveReBEqj1d3 (2/2) reason=ou are using a Python version 3.9 past its end of life. Google will update google-auth with critical bug fixes on a best-effort basis, but not with any other fixes or features. Please upgrade your Python version, and then update google-auth.
  warnings.warn(eol_message.format("3.9"), FutureWarning)

2026-03-25 17:48:04 [INFO] [逐镜头图片生成] stdout: [2026-03-25 17:47:31] [ERROR] shot storyboard task failed | action='render' record_id='recveReBEqj1d3' error="local variable 'config' referenced before assignment"
❌ local variable 'config' referenced before assignment
2026-03-25 17:48:16 [INFO] [逐镜头图片生成] 🚀 已启动任务: recveReBEqHxpV (recveReBEqHxpV) retry=2
2026-03-25 17:48:18 [INFO] [逐镜头图片生成] 🚀 已启动任务: recveReBEqj1d3 (recveReBEqj1d3) retry=2
2026-03-25 17:48:49 [ERROR] [逐镜头图片生成] ❌ 失败: recveReBEqHxpV stderr=ou are using a Python version 3.9 past its end of life. Google will update google-auth with critical bug fixes on a best-effort basis, but not with any other fixes or features. Please upgrade your Python version, and then update google-auth.
  warnings.warn(eol_message.format("3.9"), FutureWarning)

2026-03-25 17:48:49 [ERROR] [逐镜头图片生成] 任务失败且超过重试上限: recveReBEqHxpV retries=2 reason=ou are using a Python version 3.9 past its end of life. Google will update google-auth with critical bug fixes on a best-effort basis, but not with any other fixes or features. Please upgrade your Python version, and then update google-auth.
  warnings.warn(eol_message.format("3.9"), FutureWarning)

2026-03-25 17:48:50 [INFO] [逐镜头图片生成] stdout: [2026-03-25 17:48:19] [ERROR] shot storyboard task failed | action='render' record_id='recveReBEqHxpV' error="local variable 'config' referenced before assignment"
❌ local variable 'config' referenced before assignment
2026-03-25 17:48:50 [ERROR] [逐镜头图片生成] ❌ 失败: recveReBEqj1d3 stderr=ou are using a Python version 3.9 past its end of life. Google will update google-auth with critical bug fixes on a best-effort basis, but not with any other fixes or features. Please upgrade your Python version, and then update google-auth.
  warnings.warn(eol_message.format("3.9"), FutureWarning)

2026-03-25 17:48:50 [ERROR] [逐镜头图片生成] 任务失败且超过重试上限: recveReBEqj1d3 retries=2 reason=ou are using a Python version 3.9 past its end of life. Google will update google-auth with critical bug fixes on a best-effort basis, but not with any other fixes or features. Please upgrade your Python version, and then update google-auth.
  warnings.warn(eol_message.format("3.9"), FutureWarning)

2026-03-25 17:48:51 [INFO] [逐镜头图片生成] stdout: [2026-03-25 17:48:21] [ERROR] shot storyboard task failed | action='render' record_id='recveReBEqj1d3' error="local variable 'config' referenced before assignment"
❌ local variable 'config' referenced before assignment
2026-03-25 17:48:59 [INFO] [逐镜头图片生成] 🚀 已启动任务: recveReBEqf3Tb (recveReBEqf3Tb) retry=0
2026-03-25 17:49:02 [INFO] [逐镜头图片生成] 🚀 已启动任务: recveReBEqAz2l (recveReBEqAz2l) retry=0
2026-03-25 17:49:03 [INFO] 📊 今日运行统计 launched={'脚本分析': 32, '产品脚本生成': 16, '分镜图生成': 33, '逐镜头图片生成': 37, '逐镜头脚本生成': 1} success={'脚本分析': 27, '产品脚本生成': 16, '分镜图生成': 23, '逐镜头图片生成': 23, '逐镜头脚本生成': 1} failed={'脚本分析': 3, '分镜图生成': 6, '逐镜头图片生成': 4} retried={'脚本分析': 2, '分镜图生成': 4, '逐镜头图片生成': 8} timeouts={}
2026-03-25 17:49:33 [ERROR] [逐镜头图片生成] ❌ 失败: recveReBEqf3Tb stderr=ou are using a Python version 3.9 past its end of life. Google will update google-auth with critical bug fixes on a best-effort basis, but not with any other fixes or features. Please upgrade your Python version, and then update google-auth.
  warnings.warn(eol_message.format("3.9"), FutureWarning)

2026-03-25 17:49:35 [WARNING] [逐镜头图片生成] 任务失败，已回退待重试: recveReBEqf3Tb (1/2) reason=ou are using a Python version 3.9 past its end of life. Google will update google-auth with critical bug fixes on a best-effort basis, but not with any other fixes or features. Please upgrade your Python version, and then update google-auth.
  warnings.warn(eol_message.format("3.9"), FutureWarning)

2026-03-25 17:49:35 [INFO] [逐镜头图片生成] stdout: [2026-03-25 17:49:03] [ERROR] shot storyboard task failed | action='render' record_id='recveReBEqf3Tb' error="local variable 'config' referenced before assignment"
❌ local variable 'config' referenced before assignment
2026-03-25 17:49:35 [ERROR] [逐镜头图片生成] ❌ 失败: recveReBEqAz2l stderr=ou are using a Python version 3.9 past its end of life. Google will update google-auth with critical bug fixes on a best-effort basis, but not with any other fixes or features. Please upgrade your Python version, and then update google-auth.
  warnings.warn(eol_message.format("3.9"), FutureWarning)

2026-03-25 17:49:36 [WARNING] [逐镜头图片生成] 任务失败，已回退待重试: recveReBEqAz2l (1/2) reason=ou are using a Python version 3.9 past its end of life. Google will update google-auth with critical bug fixes on a best-effort basis, but not with any other fixes or features. Please upgrade your Python version, and then update google-auth.
  warnings.warn(eol_message.format("3.9"), FutureWarning)

2026-03-25 17:49:36 [INFO] [逐镜头图片生成] stdout: [2026-03-25 17:49:05] [ERROR] shot storyboard task failed | action='render' record_id='recveReBEqAz2l' error="local variable 'config' referenced before assignment"
❌ local variable 'config' referenced before assignment
2026-03-25 17:49:45 [INFO] [逐镜头图片生成] 🚀 已启动任务: recveReBEqf3Tb (recveReBEqf3Tb) retry=1
2026-03-25 17:49:48 [INFO] [逐镜头图片生成] 🚀 已启动任务: recveReBEqAz2l (recveReBEqAz2l) retry=1
2026-03-25 17:50:19 [ERROR] [逐镜头图片生成] ❌ 失败: recveReBEqf3Tb stderr=ou are using a Python version 3.9 past its end of life. Google will update google-auth with critical bug fixes on a best-effort basis, but not with any other fixes or features. Please upgrade your Python version, and then update google-auth.
  warnings.warn(eol_message.format("3.9"), FutureWarning)

2026-03-25 17:50:21 [WARNING] [逐镜头图片生成] 任务失败，已回退待重试: recveReBEqf3Tb (2/2) reason=ou are using a Python version 3.9 past its end of life. Google will update google-auth with critical bug fixes on a best-effort basis, but not with any other fixes or features. Please upgrade your Python version, and then update google-auth.
  warnings.warn(eol_message.format("3.9"), FutureWarning)

2026-03-25 17:50:21 [INFO] [逐镜头图片生成] stdout: [2026-03-25 17:49:48] [ERROR] shot storyboard task failed | action='render' record_id='recveReBEqf3Tb' error="local variable 'config' referenced before assignment"
❌ local variable 'config' referenced before assignment
2026-03-25 17:50:21 [ERROR] [逐镜头图片生成] ❌ 失败: recveReBEqAz2l stderr=ou are using a Python version 3.9 past its end of life. Google will update google-auth with critical bug fixes on a best-effort basis, but not with any other fixes or features. Please upgrade your Python version, and then update google-auth.
  warnings.warn(eol_message.format("3.9"), FutureWarning)

2026-03-25 17:50:23 [WARNING] [逐镜头图片生成] 任务失败，已回退待重试: recveReBEqAz2l (2/2) reason=ou are using a Python version 3.9 past its end of life. Google will update google-auth with critical bug fixes on a best-effort basis, but not with any other fixes or features. Please upgrade your Python version, and then update google-auth.
  warnings.warn(eol_message.format("3.9"), FutureWarning)

2026-03-25 17:50:23 [INFO] [逐镜头图片生成] stdout: [2026-03-25 17:49:51] [ERROR] shot storyboard task failed | action='render' record_id='recveReBEqAz2l' error="local variable 'config' referenced before assignment"
❌ local variable 'config' referenced before assignment
2026-03-25 17:50:33 [INFO] [逐镜头图片生成] 🚀 已启动任务: recveReBEqf3Tb (recveReBEqf3Tb) retry=2
2026-03-25 17:50:36 [INFO] [逐镜头图片生成] 🚀 已启动任务: recveReBEqAz2l (recveReBEqAz2l) retry=2
2026-03-25 17:51:07 [ERROR] [逐镜头图片生成] ❌ 失败: recveReBEqf3Tb stderr=ou are using a Python version 3.9 past its end of life. Google will update google-auth with critical bug fixes on a best-effort basis, but not with any other fixes or features. Please upgrade your Python version, and then update google-auth.
  warnings.warn(eol_message.format("3.9"), FutureWarning)

2026-03-25 17:51:07 [ERROR] [逐镜头图片生成] 任务失败且超过重试上限: recveReBEqf3Tb retries=2 reason=ou are using a Python version 3.9 past its end of life. Google will update google-auth with critical bug fixes on a best-effort basis, but not with any other fixes or features. Please upgrade your Python version, and then update google-auth.
  warnings.warn(eol_message.format("3.9"), FutureWarning)

2026-03-25 17:51:08 [INFO] [逐镜头图片生成] stdout: [2026-03-25 17:50:36] [ERROR] shot storyboard task failed | action='render' record_id='recveReBEqf3Tb' error="local variable 'config' referenced before assignment"
❌ local variable 'config' referenced before assignment
2026-03-25 17:51:08 [ERROR] [逐镜头图片生成] ❌ 失败: recveReBEqAz2l stderr=ou are using a Python version 3.9 past its end of life. Google will update google-auth with critical bug fixes on a best-effort basis, but not with any other fixes or features. Please upgrade your Python version, and then update google-auth.
  warnings.warn(eol_message.format("3.9"), FutureWarning)

2026-03-25 17:51:08 [ERROR] [逐镜头图片生成] 任务失败且超过重试上限: recveReBEqAz2l retries=2 reason=ou are using a Python version 3.9 past its end of life. Google will update google-auth with critical bug fixes on a best-effort basis, but not with any other fixes or features. Please upgrade your Python version, and then update google-auth.
  warnings.warn(eol_message.format("3.9"), FutureWarning)

2026-03-25 17:51:09 [INFO] [逐镜头图片生成] stdout: [2026-03-25 17:50:38] [ERROR] shot storyboard task failed | action='render' record_id='recveReBEqAz2l' error="local variable 'config' referenced before assignment"
❌ local variable 'config' referenced before assignment
2026-03-25 17:59:37 [INFO] 📊 今日运行统计 launched={'脚本分析': 32, '产品脚本生成': 16, '分镜图生成': 33, '逐镜头图片生成': 41, '逐镜头脚本生成': 1} success={'脚本分析': 27, '产品脚本生成': 16, '分镜图生成': 23, '逐镜头图片生成': 23, '逐镜头脚本生成': 1} failed={'脚本分析': 3, '分镜图生成': 6, '逐镜头图片生成': 6} retried={'脚本分析': 2, '分镜图生成': 4, '逐镜头图片生成': 12} timeouts={}
2026-03-25 18:09:56 [INFO] 📊 今日运行统计 launched={'脚本分析': 32, '产品脚本生成': 16, '分镜图生成': 33, '逐镜头图片生成': 41, '逐镜头脚本生成': 1} success={'脚本分析': 27, '产品脚本生成': 16, '分镜图生成': 23, '逐镜头图片生成': 23, '逐镜头脚本生成': 1} failed={'脚本分析': 3, '分镜图生成': 6, '逐镜头图片生成': 6} retried={'脚本分析': 2, '分镜图生成': 4, '逐镜头图片生成': 12} timeouts={}
2026-03-25 18:17:52 [INFO] [逐镜头脚本生成] 🚀 已启动任务: 逐镜头脚本测试-宠物尿味分解除臭喷雾 (recveQZG9097ig) retry=0
2026-03-25 18:20:25 [INFO] 📊 今日运行统计 launched={'脚本分析': 32, '产品脚本生成': 16, '分镜图生成': 33, '逐镜头图片生成': 41, '逐镜头脚本生成': 2} success={'脚本分析': 27, '产品脚本生成': 16, '分镜图生成': 23, '逐镜头图片生成': 23, '逐镜头脚本生成': 1} failed={'脚本分析': 3, '分镜图生成': 6, '逐镜头图片生成': 6} retried={'脚本分析': 2, '分镜图生成': 4, '逐镜头图片生成': 12} timeouts={}
2026-03-25 18:20:55 [INFO] [逐镜头脚本生成] ✅ 完成: recveQZG9097ig
2026-03-25 18:20:55 [INFO] [逐镜头脚本生成] stdout: [2026-03-25 18:17:53] [INFO] shot script task start | record_id='recveQZG9097ig'
[2026-03-25 18:20:35] [INFO] shot script task success | record_id='recveQZG9097ig' shot_count=6
✅ 逐镜头脚本生成完成 (6个镜头)
2026-03-25 18:30:32 [INFO] 📊 今日运行统计 launched={'脚本分析': 32, '产品脚本生成': 16, '分镜图生成': 33, '逐镜头图片生成': 41, '逐镜头脚本生成': 2} success={'脚本分析': 27, '产品脚本生成': 16, '分镜图生成': 23, '逐镜头图片生成': 23, '逐镜头脚本生成': 2} failed={'脚本分析': 3, '分镜图生成': 6, '逐镜头图片生成': 6} retried={'脚本分析': 2, '分镜图生成': 4, '逐镜头图片生成': 12} timeouts={}
2026-03-25 18:40:43 [INFO] 📊 今日运行统计 launched={'脚本分析': 32, '产品脚本生成': 16, '分镜图生成': 33, '逐镜头图片生成': 41, '逐镜头脚本生成': 2} success={'脚本分析': 27, '产品脚本生成': 16, '分镜图生成': 23, '逐镜头图片生成': 23, '逐镜头脚本生成': 2} failed={'脚本分析': 3, '分镜图生成': 6, '逐镜头图片生成': 6} retried={'脚本分析': 2, '分镜图生成': 4, '逐镜头图片生成': 12} timeouts={}
2026-03-25 18:46:12 [INFO] [逐镜头图片生成] 🚀 已启动任务: recveSiIK3KcZy (recveSiIK3KcZy) retry=0
2026-03-25 18:46:15 [INFO] [逐镜头图片生成] 🚀 已启动任务: recveSiIK3TZav (recveSiIK3TZav) retry=0
2026-03-25 18:46:45 [ERROR] [逐镜头图片生成] ❌ 失败: recveSiIK3KcZy stderr=ou are using a Python version 3.9 past its end of life. Google will update google-auth with critical bug fixes on a best-effort basis, but not with any other fixes or features. Please upgrade your Python version, and then update google-auth.
  warnings.warn(eol_message.format("3.9"), FutureWarning)

2026-03-25 18:46:47 [WARNING] [逐镜头图片生成] 任务失败，已回退待重试: recveSiIK3KcZy (1/2) reason=ou are using a Python version 3.9 past its end of life. Google will update google-auth with critical bug fixes on a best-effort basis, but not with any other fixes or features. Please upgrade your Python version, and then update google-auth.
  warnings.warn(eol_message.format("3.9"), FutureWarning)

2026-03-25 18:46:47 [INFO] [逐镜头图片生成] stdout: [2026-03-25 18:46:15] [ERROR] shot storyboard task failed | action='render' record_id='recveSiIK3KcZy' error="local variable 'config' referenced before assignment"
❌ local variable 'config' referenced before assignment
2026-03-25 18:46:47 [ERROR] [逐镜头图片生成] ❌ 失败: recveSiIK3TZav stderr=ou are using a Python version 3.9 past its end of life. Google will update google-auth with critical bug fixes on a best-effort basis, but not with any other fixes or features. Please upgrade your Python version, and then update google-auth.
  warnings.warn(eol_message.format("3.9"), FutureWarning)

2026-03-25 18:46:49 [WARNING] [逐镜头图片生成] 任务失败，已回退待重试: recveSiIK3TZav (1/2) reason=ou are using a Python version 3.9 past its end of life. Google will update google-auth with critical bug fixes on a best-effort basis, but not with any other fixes or features. Please upgrade your Python version, and then update google-auth.
  warnings.warn(eol_message.format("3.9"), FutureWarning)

2026-03-25 18:46:49 [INFO] [逐镜头图片生成] stdout: [2026-03-25 18:46:18] [ERROR] shot storyboard task failed | action='render' record_id='recveSiIK3TZav' error="local variable 'config' referenced before assignment"
❌ local variable 'config' referenced before assignment
2026-03-25 18:46:58 [INFO] [逐镜头图片生成] 🚀 已启动任务: recveSiIK3KcZy (recveSiIK3KcZy) retry=1
2026-03-25 18:47:00 [INFO] [逐镜头图片生成] 🚀 已启动任务: recveSiIK3TZav (recveSiIK3TZav) retry=1
2026-03-25 18:47:31 [ERROR] [逐镜头图片生成] ❌ 失败: recveSiIK3KcZy stderr=ou are using a Python version 3.9 past its end of life. Google will update google-auth with critical bug fixes on a best-effort basis, but not with any other fixes or features. Please upgrade your Python version, and then update google-auth.
  warnings.warn(eol_message.format("3.9"), FutureWarning)

2026-03-25 18:47:33 [WARNING] [逐镜头图片生成] 任务失败，已回退待重试: recveSiIK3KcZy (2/2) reason=ou are using a Python version 3.9 past its end of life. Google will update google-auth with critical bug fixes on a best-effort basis, but not with any other fixes or features. Please upgrade your Python version, and then update google-auth.
  warnings.warn(eol_message.format("3.9"), FutureWarning)

2026-03-25 18:47:33 [INFO] [逐镜头图片生成] stdout: [2026-03-25 18:47:01] [ERROR] shot storyboard task failed | action='render' record_id='recveSiIK3KcZy' error="local variable 'config' referenced before assignment"
❌ local variable 'config' referenced before assignment
2026-03-25 18:47:33 [ERROR] [逐镜头图片生成] ❌ 失败: recveSiIK3TZav stderr=ou are using a Python version 3.9 past its end of life. Google will update google-auth with critical bug fixes on a best-effort basis, but not with any other fixes or features. Please upgrade your Python version, and then update google-auth.
  warnings.warn(eol_message.format("3.9"), FutureWarning)

2026-03-25 18:47:34 [WARNING] [逐镜头图片生成] 任务失败，已回退待重试: recveSiIK3TZav (2/2) reason=ou are using a Python version 3.9 past its end of life. Google will update google-auth with critical bug fixes on a best-effort basis, but not with any other fixes or features. Please upgrade your Python version, and then update google-auth.
  warnings.warn(eol_message.format("3.9"), FutureWarning)

2026-03-25 18:47:34 [INFO] [逐镜头图片生成] stdout: [2026-03-25 18:47:04] [ERROR] shot storyboard task failed | action='render' record_id='recveSiIK3TZav' error="local variable 'config' referenced before assignment"
❌ local variable 'config' referenced before assignment
2026-03-25 18:47:48 [INFO] [逐镜头图片生成] 🚀 已启动任务: recveSiIK3KcZy (recveSiIK3KcZy) retry=2
2026-03-25 18:47:50 [INFO] [逐镜头图片生成] 🚀 已启动任务: recveSiIK3TZav (recveSiIK3TZav) retry=2
2026-03-25 18:48:21 [ERROR] [逐镜头图片生成] ❌ 失败: recveSiIK3KcZy stderr=ou are using a Python version 3.9 past its end of life. Google will update google-auth with critical bug fixes on a best-effort basis, but not with any other fixes or features. Please upgrade your Python version, and then update google-auth.
  warnings.warn(eol_message.format("3.9"), FutureWarning)

2026-03-25 18:48:21 [ERROR] [逐镜头图片生成] 任务失败且超过重试上限: recveSiIK3KcZy retries=2 reason=ou are using a Python version 3.9 past its end of life. Google will update google-auth with critical bug fixes on a best-effort basis, but not with any other fixes or features. Please upgrade your Python version, and then update google-auth.
  warnings.warn(eol_message.format("3.9"), FutureWarning)

2026-03-25 18:48:22 [INFO] [逐镜头图片生成] stdout: [2026-03-25 18:47:51] [ERROR] shot storyboard task failed | action='render' record_id='recveSiIK3KcZy' error="local variable 'config' referenced before assignment"
❌ local variable 'config' referenced before assignment
2026-03-25 18:48:22 [ERROR] [逐镜头图片生成] ❌ 失败: recveSiIK3TZav stderr=ou are using a Python version 3.9 past its end of life. Google will update google-auth with critical bug fixes on a best-effort basis, but not with any other fixes or features. Please upgrade your Python version, and then update google-auth.
  warnings.warn(eol_message.format("3.9"), FutureWarning)

2026-03-25 18:48:22 [ERROR] [逐镜头图片生成] 任务失败且超过重试上限: recveSiIK3TZav retries=2 reason=ou are using a Python version 3.9 past its end of life. Google will update google-auth with critical bug fixes on a best-effort basis, but not with any other fixes or features. Please upgrade your Python version, and then update google-auth.
  warnings.warn(eol_message.format("3.9"), FutureWarning)

2026-03-25 18:48:23 [INFO] [逐镜头图片生成] stdout: [2026-03-25 18:47:53] [ERROR] shot storyboard task failed | action='render' record_id='recveSiIK3TZav' error="local variable 'config' referenced before assignment"
❌ local variable 'config' referenced before assignment
2026-03-25 18:48:32 [INFO] [逐镜头图片生成] 🚀 已启动任务: recveSiIK38DkJ (recveSiIK38DkJ) retry=0
2026-03-25 18:48:34 [INFO] [逐镜头图片生成] 🚀 已启动任务: recveSiIK3UtA3 (recveSiIK3UtA3) retry=0
2026-03-25 18:49:05 [ERROR] [逐镜头图片生成] ❌ 失败: recveSiIK38DkJ stderr=ou are using a Python version 3.9 past its end of life. Google will update google-auth with critical bug fixes on a best-effort basis, but not with any other fixes or features. Please upgrade your Python version, and then update google-auth.
  warnings.warn(eol_message.format("3.9"), FutureWarning)

2026-03-25 18:49:07 [WARNING] [逐镜头图片生成] 任务失败，已回退待重试: recveSiIK38DkJ (1/2) reason=ou are using a Python version 3.9 past its end of life. Google will update google-auth with critical bug fixes on a best-effort basis, but not with any other fixes or features. Please upgrade your Python version, and then update google-auth.
  warnings.warn(eol_message.format("3.9"), FutureWarning)

2026-03-25 18:49:07 [INFO] [逐镜头图片生成] stdout: [2026-03-25 18:48:36] [ERROR] shot storyboard task failed | action='render' record_id='recveSiIK38DkJ' error="local variable 'config' referenced before assignment"
❌ local variable 'config' referenced before assignment
2026-03-25 18:49:07 [ERROR] [逐镜头图片生成] ❌ 失败: recveSiIK3UtA3 stderr=ou are using a Python version 3.9 past its end of life. Google will update google-auth with critical bug fixes on a best-effort basis, but not with any other fixes or features. Please upgrade your Python version, and then update google-auth.
  warnings.warn(eol_message.format("3.9"), FutureWarning)

2026-03-25 18:49:09 [WARNING] [逐镜头图片生成] 任务失败，已回退待重试: recveSiIK3UtA3 (1/2) reason=ou are using a Python version 3.9 past its end of life. Google will update google-auth with critical bug fixes on a best-effort basis, but not with any other fixes or features. Please upgrade your Python version, and then update google-auth.
  warnings.warn(eol_message.format("3.9"), FutureWarning)

2026-03-25 18:49:09 [INFO] [逐镜头图片生成] stdout: [2026-03-25 18:48:38] [ERROR] shot storyboard task failed | action='render' record_id='recveSiIK3UtA3' error="local variable 'config' referenced before assignment"
❌ local variable 'config' referenced before assignment
2026-03-25 18:49:18 [INFO] [逐镜头图片生成] 🚀 已启动任务: recveSiIK38DkJ (recveSiIK38DkJ) retry=1
2026-03-25 18:49:20 [INFO] [逐镜头图片生成] 🚀 已启动任务: recveSiIK3UtA3 (recveSiIK3UtA3) retry=1
2026-03-25 18:49:51 [ERROR] [逐镜头图片生成] ❌ 失败: recveSiIK38DkJ stderr=ou are using a Python version 3.9 past its end of life. Google will update google-auth with critical bug fixes on a best-effort basis, but not with any other fixes or features. Please upgrade your Python version, and then update google-auth.
  warnings.warn(eol_message.format("3.9"), FutureWarning)

2026-03-25 18:49:52 [WARNING] [逐镜头图片生成] 任务失败，已回退待重试: recveSiIK38DkJ (2/2) reason=ou are using a Python version 3.9 past its end of life. Google will update google-auth with critical bug fixes on a best-effort basis, but not with any other fixes or features. Please upgrade your Python version, and then update google-auth.
  warnings.warn(eol_message.format("3.9"), FutureWarning)

2026-03-25 18:49:52 [INFO] [逐镜头图片生成] stdout: [2026-03-25 18:49:22] [ERROR] shot storyboard task failed | action='render' record_id='recveSiIK38DkJ' error="local variable 'config' referenced before assignment"
❌ local variable 'config' referenced before assignment
2026-03-25 18:49:52 [ERROR] [逐镜头图片生成] ❌ 失败: recveSiIK3UtA3 stderr=ou are using a Python version 3.9 past its end of life. Google will update google-auth with critical bug fixes on a best-effort basis, but not with any other fixes or features. Please upgrade your Python version, and then update google-auth.
  warnings.warn(eol_message.format("3.9"), FutureWarning)

2026-03-25 18:49:54 [WARNING] [逐镜头图片生成] 任务失败，已回退待重试: recveSiIK3UtA3 (2/2) reason=ou are using a Python version 3.9 past its end of life. Google will update google-auth with critical bug fixes on a best-effort basis, but not with any other fixes or features. Please upgrade your Python version, and then update google-auth.
  warnings.warn(eol_message.format("3.9"), FutureWarning)

2026-03-25 18:49:54 [INFO] [逐镜头图片生成] stdout: [2026-03-25 18:49:23] [ERROR] shot storyboard task failed | action='render' record_id='recveSiIK3UtA3' error="local variable 'config' referenced before assignment"
❌ local variable 'config' referenced before assignment
2026-03-25 18:50:03 [INFO] [逐镜头图片生成] 🚀 已启动任务: recveSiIK38DkJ (recveSiIK38DkJ) retry=2
2026-03-25 18:50:06 [INFO] [逐镜头图片生成] 🚀 已启动任务: recveSiIK3UtA3 (recveSiIK3UtA3) retry=2
2026-03-25 18:50:36 [ERROR] [逐镜头图片生成] ❌ 失败: recveSiIK38DkJ stderr=ou are using a Python version 3.9 past its end of life. Google will update google-auth with critical bug fixes on a best-effort basis, but not with any other fixes or features. Please upgrade your Python version, and then update google-auth.
  warnings.warn(eol_message.format("3.9"), FutureWarning)

2026-03-25 18:50:36 [ERROR] [逐镜头图片生成] 任务失败且超过重试上限: recveSiIK38DkJ retries=2 reason=ou are using a Python version 3.9 past its end of life. Google will update google-auth with critical bug fixes on a best-effort basis, but not with any other fixes or features. Please upgrade your Python version, and then update google-auth.
  warnings.warn(eol_message.format("3.9"), FutureWarning)

2026-03-25 18:50:37 [INFO] [逐镜头图片生成] stdout: [2026-03-25 18:50:06] [ERROR] shot storyboard task failed | action='render' record_id='recveSiIK38DkJ' error="local variable 'config' referenced before assignment"
❌ local variable 'config' referenced before assignment
2026-03-25 18:50:37 [ERROR] [逐镜头图片生成] ❌ 失败: recveSiIK3UtA3 stderr=ou are using a Python version 3.9 past its end of life. Google will update google-auth with critical bug fixes on a best-effort basis, but not with any other fixes or features. Please upgrade your Python version, and then update google-auth.
  warnings.warn(eol_message.format("3.9"), FutureWarning)

2026-03-25 18:50:37 [ERROR] [逐镜头图片生成] 任务失败且超过重试上限: recveSiIK3UtA3 retries=2 reason=ou are using a Python version 3.9 past its end of life. Google will update google-auth with critical bug fixes on a best-effort basis, but not with any other fixes or features. Please upgrade your Python version, and then update google-auth.
  warnings.warn(eol_message.format("3.9"), FutureWarning)

2026-03-25 18:50:38 [INFO] [逐镜头图片生成] stdout: [2026-03-25 18:50:09] [ERROR] shot storyboard task failed | action='render' record_id='recveSiIK3UtA3' error="local variable 'config' referenced before assignment"
❌ local variable 'config' referenced before assignment
2026-03-25 18:50:47 [INFO] [逐镜头图片生成] 🚀 已启动任务: recveSiIK3NXu5 (recveSiIK3NXu5) retry=0
2026-03-25 18:50:49 [INFO] [逐镜头图片生成] 🚀 已启动任务: recveSiIK3ZUFt (recveSiIK3ZUFt) retry=0
2026-03-25 18:50:49 [INFO] 📊 今日运行统计 launched={'脚本分析': 32, '产品脚本生成': 16, '分镜图生成': 33, '逐镜头图片生成': 55, '逐镜头脚本生成': 2} success={'脚本分析': 27, '产品脚本生成': 16, '分镜图生成': 23, '逐镜头图片生成': 23, '逐镜头脚本生成': 2} failed={'脚本分析': 3, '分镜图生成': 6, '逐镜头图片生成': 10} retried={'脚本分析': 2, '分镜图生成': 4, '逐镜头图片生成': 20} timeouts={}
2026-03-25 18:51:19 [ERROR] [逐镜头图片生成] ❌ 失败: recveSiIK3NXu5 stderr=ou are using a Python version 3.9 past its end of life. Google will update google-auth with critical bug fixes on a best-effort basis, but not with any other fixes or features. Please upgrade your Python version, and then update google-auth.
  warnings.warn(eol_message.format("3.9"), FutureWarning)

2026-03-25 18:51:21 [WARNING] [逐镜头图片生成] 任务失败，已回退待重试: recveSiIK3NXu5 (1/2) reason=ou are using a Python version 3.9 past its end of life. Google will update google-auth with critical bug fixes on a best-effort basis, but not with any other fixes or features. Please upgrade your Python version, and then update google-auth.
  warnings.warn(eol_message.format("3.9"), FutureWarning)

2026-03-25 18:51:21 [INFO] [逐镜头图片生成] stdout: [2026-03-25 18:50:50] [ERROR] shot storyboard task failed | action='render' record_id='recveSiIK3NXu5' error="local variable 'config' referenced before assignment"
❌ local variable 'config' referenced before assignment
2026-03-25 18:51:21 [ERROR] [逐镜头图片生成] ❌ 失败: recveSiIK3ZUFt stderr=ou are using a Python version 3.9 past its end of life. Google will update google-auth with critical bug fixes on a best-effort basis, but not with any other fixes or features. Please upgrade your Python version, and then update google-auth.
  warnings.warn(eol_message.format("3.9"), FutureWarning)

2026-03-25 18:51:22 [WARNING] [逐镜头图片生成] 任务失败，已回退待重试: recveSiIK3ZUFt (1/2) reason=ou are using a Python version 3.9 past its end of life. Google will update google-auth with critical bug fixes on a best-effort basis, but not with any other fixes or features. Please upgrade your Python version, and then update google-auth.
  warnings.warn(eol_message.format("3.9"), FutureWarning)

2026-03-25 18:51:22 [INFO] [逐镜头图片生成] stdout: [2026-03-25 18:50:52] [ERROR] shot storyboard task failed | action='render' record_id='recveSiIK3ZUFt' error="local variable 'config' referenced before assignment"
❌ local variable 'config' referenced before assignment
2026-03-25 18:51:31 [INFO] [逐镜头图片生成] 🚀 已启动任务: recveSiIK3NXu5 (recveSiIK3NXu5) retry=1
2026-03-25 18:51:33 [INFO] [逐镜头图片生成] 🚀 已启动任务: recveSiIK3ZUFt (recveSiIK3ZUFt) retry=1
2026-03-25 18:52:04 [ERROR] [逐镜头图片生成] ❌ 失败: recveSiIK3NXu5 stderr=ou are using a Python version 3.9 past its end of life. Google will update google-auth with critical bug fixes on a best-effort basis, but not with any other fixes or features. Please upgrade your Python version, and then update google-auth.
  warnings.warn(eol_message.format("3.9"), FutureWarning)

2026-03-25 18:52:05 [WARNING] [逐镜头图片生成] 任务失败，已回退待重试: recveSiIK3NXu5 (2/2) reason=ou are using a Python version 3.9 past its end of life. Google will update google-auth with critical bug fixes on a best-effort basis, but not with any other fixes or features. Please upgrade your Python version, and then update google-auth.
  warnings.warn(eol_message.format("3.9"), FutureWarning)

2026-03-25 18:52:05 [INFO] [逐镜头图片生成] stdout: [2026-03-25 18:51:34] [ERROR] shot storyboard task failed | action='render' record_id='recveSiIK3NXu5' error="local variable 'config' referenced before assignment"
❌ local variable 'config' referenced before assignment
2026-03-25 18:52:05 [ERROR] [逐镜头图片生成] ❌ 失败: recveSiIK3ZUFt stderr=ou are using a Python version 3.9 past its end of life. Google will update google-auth with critical bug fixes on a best-effort basis, but not with any other fixes or features. Please upgrade your Python version, and then update google-auth.
  warnings.warn(eol_message.format("3.9"), FutureWarning)

2026-03-25 18:52:07 [WARNING] [逐镜头图片生成] 任务失败，已回退待重试: recveSiIK3ZUFt (2/2) reason=ou are using a Python version 3.9 past its end of life. Google will update google-auth with critical bug fixes on a best-effort basis, but not with any other fixes or features. Please upgrade your Python version, and then update google-auth.
  warnings.warn(eol_message.format("3.9"), FutureWarning)

2026-03-25 18:52:07 [INFO] [逐镜头图片生成] stdout: [2026-03-25 18:51:36] [ERROR] shot storyboard task failed | action='render' record_id='recveSiIK3ZUFt' error="local variable 'config' referenced before assignment"
❌ local variable 'config' referenced before assignment
2026-03-25 18:52:16 [INFO] [逐镜头图片生成] 🚀 已启动任务: recveSiIK3NXu5 (recveSiIK3NXu5) retry=2
2026-03-25 18:52:19 [INFO] [逐镜头图片生成] 🚀 已启动任务: recveSiIK3ZUFt (recveSiIK3ZUFt) retry=2
2026-03-25 18:52:49 [ERROR] [逐镜头图片生成] ❌ 失败: recveSiIK3NXu5 stderr=ou are using a Python version 3.9 past its end of life. Google will update google-auth with critical bug fixes on a best-effort basis, but not with any other fixes or features. Please upgrade your Python version, and then update google-auth.
  warnings.warn(eol_message.format("3.9"), FutureWarning)

2026-03-25 18:52:49 [ERROR] [逐镜头图片生成] 任务失败且超过重试上限: recveSiIK3NXu5 retries=2 reason=ou are using a Python version 3.9 past its end of life. Google will update google-auth with critical bug fixes on a best-effort basis, but not with any other fixes or features. Please upgrade your Python version, and then update google-auth.
  warnings.warn(eol_message.format("3.9"), FutureWarning)

2026-03-25 18:52:50 [INFO] [逐镜头图片生成] stdout: [2026-03-25 18:52:20] [ERROR] shot storyboard task failed | action='render' record_id='recveSiIK3NXu5' error="local variable 'config' referenced before assignment"
❌ local variable 'config' referenced before assignment
2026-03-25 18:52:50 [ERROR] [逐镜头图片生成] ❌ 失败: recveSiIK3ZUFt stderr=ou are using a Python version 3.9 past its end of life. Google will update google-auth with critical bug fixes on a best-effort basis, but not with any other fixes or features. Please upgrade your Python version, and then update google-auth.
  warnings.warn(eol_message.format("3.9"), FutureWarning)

2026-03-25 18:52:50 [ERROR] [逐镜头图片生成] 任务失败且超过重试上限: recveSiIK3ZUFt retries=2 reason=ou are using a Python version 3.9 past its end of life. Google will update google-auth with critical bug fixes on a best-effort basis, but not with any other fixes or features. Please upgrade your Python version, and then update google-auth.
  warnings.warn(eol_message.format("3.9"), FutureWarning)

2026-03-25 18:52:51 [INFO] [逐镜头图片生成] stdout: [2026-03-25 18:52:21] [ERROR] shot storyboard task failed | action='render' record_id='recveSiIK3ZUFt' error="local variable 'config' referenced before assignment"
❌ local variable 'config' referenced before assignment
2026-03-25 18:53:38 [INFO] [逐镜头脚本生成] 🚀 已启动任务: 逐镜头脚本测试-宠物尿味分解除臭喷雾 (recveQZG9097ig) retry=0
2026-03-25 18:55:25 [INFO] [逐镜头脚本生成] ✅ 完成: recveQZG9097ig
2026-03-25 18:55:25 [INFO] [逐镜头脚本生成] stdout: d | record_id='recveQZG9097ig' deleted=6
[2026-03-25 18:55:15] [INFO] shot storyboard split success | record_id='recveQZG9097ig' created=6
✅ 已拆分 6 条 shot 记录
[2026-03-25 18:55:15] [INFO] shot script task success | record_id='recveQZG9097ig' shot_count=6 split_rebuilt=True
✅ 逐镜头脚本生成完成并已重建shot记录 (6个镜头)
2026-03-25 18:55:34 [INFO] [逐镜头图片生成] 🚀 已启动任务: recveSl69kPc9l (recveSl69kPc9l) retry=0
2026-03-25 18:55:36 [INFO] [逐镜头图片生成] 🚀 已启动任务: recveSl69kwJf6 (recveSl69kwJf6) retry=0
2026-03-25 18:56:07 [ERROR] [逐镜头图片生成] ❌ 失败: recveSl69kPc9l stderr=ou are using a Python version 3.9 past its end of life. Google will update google-auth with critical bug fixes on a best-effort basis, but not with any other fixes or features. Please upgrade your Python version, and then update google-auth.
  warnings.warn(eol_message.format("3.9"), FutureWarning)

2026-03-25 18:56:09 [WARNING] [逐镜头图片生成] 任务失败，已回退待重试: recveSl69kPc9l (1/2) reason=ou are using a Python version 3.9 past its end of life. Google will update google-auth with critical bug fixes on a best-effort basis, but not with any other fixes or features. Please upgrade your Python version, and then update google-auth.
  warnings.warn(eol_message.format("3.9"), FutureWarning)

2026-03-25 18:56:09 [INFO] [逐镜头图片生成] stdout: [2026-03-25 18:55:37] [ERROR] shot storyboard task failed | action='render' record_id='recveSl69kPc9l' error="local variable 'config' referenced before assignment"
❌ local variable 'config' referenced before assignment
2026-03-25 18:56:09 [ERROR] [逐镜头图片生成] ❌ 失败: recveSl69kwJf6 stderr=ou are using a Python version 3.9 past its end of life. Google will update google-auth with critical bug fixes on a best-effort basis, but not with any other fixes or features. Please upgrade your Python version, and then update google-auth.
  warnings.warn(eol_message.format("3.9"), FutureWarning)

2026-03-25 18:56:10 [WARNING] [逐镜头图片生成] 任务失败，已回退待重试: recveSl69kwJf6 (1/2) reason=ou are using a Python version 3.9 past its end of life. Google will update google-auth with critical bug fixes on a best-effort basis, but not with any other fixes or features. Please upgrade your Python version, and then update google-auth.
  warnings.warn(eol_message.format("3.9"), FutureWarning)

2026-03-25 18:56:10 [INFO] [逐镜头图片生成] stdout: [2026-03-25 18:55:39] [ERROR] shot storyboard task failed | action='render' record_id='recveSl69kwJf6' error="local variable 'config' referenced before assignment"
❌ local variable 'config' referenced before assignment
2026-03-25 18:56:20 [INFO] [逐镜头图片生成] 🚀 已启动任务: recveSl69kPc9l (recveSl69kPc9l) retry=1
2026-03-25 18:56:22 [INFO] [逐镜头图片生成] 🚀 已启动任务: recveSl69kwJf6 (recveSl69kwJf6) retry=1
2026-03-25 18:56:53 [ERROR] [逐镜头图片生成] ❌ 失败: recveSl69kPc9l stderr=ou are using a Python version 3.9 past its end of life. Google will update google-auth with critical bug fixes on a best-effort basis, but not with any other fixes or features. Please upgrade your Python version, and then update google-auth.
  warnings.warn(eol_message.format("3.9"), FutureWarning)

2026-03-25 18:56:54 [WARNING] [逐镜头图片生成] 任务失败，已回退待重试: recveSl69kPc9l (2/2) reason=ou are using a Python version 3.9 past its end of life. Google will update google-auth with critical bug fixes on a best-effort basis, but not with any other fixes or features. Please upgrade your Python version, and then update google-auth.
  warnings.warn(eol_message.format("3.9"), FutureWarning)

2026-03-25 18:56:54 [INFO] [逐镜头图片生成] stdout: [2026-03-25 18:56:23] [ERROR] shot storyboard task failed | action='render' record_id='recveSl69kPc9l' error="local variable 'config' referenced before assignment"
❌ local variable 'config' referenced before assignment
2026-03-25 18:56:54 [ERROR] [逐镜头图片生成] ❌ 失败: recveSl69kwJf6 stderr=ou are using a Python version 3.9 past its end of life. Google will update google-auth with critical bug fixes on a best-effort basis, but not with any other fixes or features. Please upgrade your Python version, and then update google-auth.
  warnings.warn(eol_message.format("3.9"), FutureWarning)

2026-03-25 18:56:56 [WARNING] [逐镜头图片生成] 任务失败，已回退待重试: recveSl69kwJf6 (2/2) reason=ou are using a Python version 3.9 past its end of life. Google will update google-auth with critical bug fixes on a best-effort basis, but not with any other fixes or features. Please upgrade your Python version, and then update google-auth.
  warnings.warn(eol_message.format("3.9"), FutureWarning)

2026-03-25 18:56:56 [INFO] [逐镜头图片生成] stdout: [2026-03-25 18:56:25] [ERROR] shot storyboard task failed | action='render' record_id='recveSl69kwJf6' error="local variable 'config' referenced before assignment"
❌ local variable 'config' referenced before assignment
2026-03-25 18:57:05 [INFO] [逐镜头图片生成] 🚀 已启动任务: recveSl69kPc9l (recveSl69kPc9l) retry=2
2026-03-25 18:57:07 [INFO] [逐镜头图片生成] 🚀 已启动任务: recveSl69kwJf6 (recveSl69kwJf6) retry=2
2026-03-25 18:57:38 [ERROR] [逐镜头图片生成] ❌ 失败: recveSl69kPc9l stderr=ou are using a Python version 3.9 past its end of life. Google will update google-auth with critical bug fixes on a best-effort basis, but not with any other fixes or features. Please upgrade your Python version, and then update google-auth.
  warnings.warn(eol_message.format("3.9"), FutureWarning)

2026-03-25 18:57:38 [ERROR] [逐镜头图片生成] 任务失败且超过重试上限: recveSl69kPc9l retries=2 reason=ou are using a Python version 3.9 past its end of life. Google will update google-auth with critical bug fixes on a best-effort basis, but not with any other fixes or features. Please upgrade your Python version, and then update google-auth.
  warnings.warn(eol_message.format("3.9"), FutureWarning)

2026-03-25 18:57:39 [INFO] [逐镜头图片生成] stdout: [2026-03-25 18:57:08] [ERROR] shot storyboard task failed | action='render' record_id='recveSl69kPc9l' error="local variable 'config' referenced before assignment"
❌ local variable 'config' referenced before assignment
2026-03-25 18:57:39 [ERROR] [逐镜头图片生成] ❌ 失败: recveSl69kwJf6 stderr=ou are using a Python version 3.9 past its end of life. Google will update google-auth with critical bug fixes on a best-effort basis, but not with any other fixes or features. Please upgrade your Python version, and then update google-auth.
  warnings.warn(eol_message.format("3.9"), FutureWarning)

2026-03-25 18:57:39 [ERROR] [逐镜头图片生成] 任务失败且超过重试上限: recveSl69kwJf6 retries=2 reason=ou are using a Python version 3.9 past its end of life. Google will update google-auth with critical bug fixes on a best-effort basis, but not with any other fixes or features. Please upgrade your Python version, and then update google-auth.
  warnings.warn(eol_message.format("3.9"), FutureWarning)

2026-03-25 18:57:40 [INFO] [逐镜头图片生成] stdout: [2026-03-25 18:57:10] [ERROR] shot storyboard task failed | action='render' record_id='recveSl69kwJf6' error="local variable 'config' referenced before assignment"
❌ local variable 'config' referenced before assignment
2026-03-25 18:57:48 [INFO] [逐镜头图片生成] 🚀 已启动任务: recveSl69kCGI1 (recveSl69kCGI1) retry=0
2026-03-25 18:57:51 [INFO] [逐镜头图片生成] 🚀 已启动任务: recveSl69keSNT (recveSl69keSNT) retry=0
2026-03-25 18:58:21 [ERROR] [逐镜头图片生成] ❌ 失败: recveSl69kCGI1 stderr=ou are using a Python version 3.9 past its end of life. Google will update google-auth with critical bug fixes on a best-effort basis, but not with any other fixes or features. Please upgrade your Python version, and then update google-auth.
  warnings.warn(eol_message.format("3.9"), FutureWarning)

2026-03-25 18:58:23 [WARNING] [逐镜头图片生成] 任务失败，已回退待重试: recveSl69kCGI1 (1/2) reason=ou are using a Python version 3.9 past its end of life. Google will update google-auth with critical bug fixes on a best-effort basis, but not with any other fixes or features. Please upgrade your Python version, and then update google-auth.
  warnings.warn(eol_message.format("3.9"), FutureWarning)

2026-03-25 18:58:23 [INFO] [逐镜头图片生成] stdout: [2026-03-25 18:57:52] [ERROR] shot storyboard task failed | action='render' record_id='recveSl69kCGI1' error="local variable 'config' referenced before assignment"
❌ local variable 'config' referenced before assignment
2026-03-25 18:58:23 [ERROR] [逐镜头图片生成] ❌ 失败: recveSl69keSNT stderr=ou are using a Python version 3.9 past its end of life. Google will update google-auth with critical bug fixes on a best-effort basis, but not with any other fixes or features. Please upgrade your Python version, and then update google-auth.
  warnings.warn(eol_message.format("3.9"), FutureWarning)

2026-03-25 18:58:25 [WARNING] [逐镜头图片生成] 任务失败，已回退待重试: recveSl69keSNT (1/2) reason=ou are using a Python version 3.9 past its end of life. Google will update google-auth with critical bug fixes on a best-effort basis, but not with any other fixes or features. Please upgrade your Python version, and then update google-auth.
  warnings.warn(eol_message.format("3.9"), FutureWarning)

2026-03-25 18:58:25 [INFO] [逐镜头图片生成] stdout: [2026-03-25 18:57:53] [ERROR] shot storyboard task failed | action='render' record_id='recveSl69keSNT' error="local variable 'config' referenced before assignment"
❌ local variable 'config' referenced before assignment
2026-03-25 18:58:34 [INFO] [逐镜头图片生成] 🚀 已启动任务: recveSl69kCGI1 (recveSl69kCGI1) retry=1
2026-03-25 18:58:36 [INFO] [逐镜头图片生成] 🚀 已启动任务: recveSl69keSNT (recveSl69keSNT) retry=1
2026-03-25 18:59:45 [INFO] [逐镜头图片生成] ✅ 完成: recveSl69kCGI1
2026-03-25 18:59:45 [INFO] [逐镜头图片生成] stdout: [2026-03-25 18:59:36] [INFO] shot storyboard render success | record_id='recveSl69kCGI1'
✅ 单张分镜图生成完成: recveSl69kCGI1
2026-03-25 18:59:45 [INFO] [逐镜头图片生成] ✅ 完成: recveSl69keSNT
2026-03-25 18:59:45 [INFO] [逐镜头图片生成] stdout: [2026-03-25 18:59:36] [INFO] shot storyboard render success | record_id='recveSl69keSNT'
✅ 单张分镜图生成完成: recveSl69keSNT
2026-03-25 18:59:54 [INFO] [逐镜头图片生成] 🚀 已启动任务: recveSl69kQhhY (recveSl69kQhhY) retry=0
2026-03-25 18:59:56 [INFO] [逐镜头图片生成] 🚀 已启动任务: recveSl69kHeZe (recveSl69kHeZe) retry=0
2026-03-25 19:01:07 [INFO] [逐镜头图片生成] ✅ 完成: recveSl69kQhhY
2026-03-25 19:01:07 [INFO] [逐镜头图片生成] stdout: [2026-03-25 19:00:51] [INFO] shot storyboard render success | record_id='recveSl69kQhhY'
✅ 单张分镜图生成完成: recveSl69kQhhY
2026-03-25 19:01:07 [INFO] [逐镜头图片生成] ✅ 完成: recveSl69kHeZe
2026-03-25 19:01:07 [INFO] [逐镜头图片生成] stdout: [2026-03-25 19:00:55] [INFO] shot storyboard render success | record_id='recveSl69kHeZe'
✅ 单张分镜图生成完成: recveSl69kHeZe
2026-03-25 19:01:15 [INFO] 📊 今日运行统计 launched={'脚本分析': 32, '产品脚本生成': 16, '分镜图生成': 33, '逐镜头图片生成': 71, '逐镜头脚本生成': 3} success={'脚本分析': 27, '产品脚本生成': 16, '分镜图生成': 23, '逐镜头图片生成': 27, '逐镜头脚本生成': 3} failed={'脚本分析': 3, '分镜图生成': 6, '逐镜头图片生成': 14} retried={'脚本分析': 2, '分镜图生成': 4, '逐镜头图片生成': 30} timeouts={}
2026-03-25 19:04:34 [INFO] [逐镜头图片生成] 🚀 已启动任务: recveSl69kwJf6 (recveSl69kwJf6) retry=2
2026-03-25 19:05:17 [INFO] [逐镜头图片生成] 🚀 已启动任务: recveSl69kCGI1 (recveSl69kCGI1) retry=0
2026-03-25 19:05:48 [INFO] [逐镜头图片生成] ✅ 完成: recveSl69kwJf6
2026-03-25 19:05:48 [INFO] [逐镜头图片生成] stdout: [2026-03-25 19:05:35] [INFO] shot storyboard render success | record_id='recveSl69kwJf6'
✅ 单张分镜图生成完成: recveSl69kwJf6
[2026-03-25 19:06:09] [WARN] GET https://open.feishu.cn/open-apis/bitable/v1/apps/LBWUbgRfEavAgjsXNIhcpo0Dnvb/tables/tbl2Yp6T4jDN8Rfr/records?page_size=100 failed | attempt=1 max_attempts=3 error="HTTPSConnectionPool(host='open.feishu.cn', port=443): Read timed out. (read timeout=15)"
[2026-03-25 19:06:46] [WARN] PUT https://open.feishu.cn/open-apis/bitable/v1/apps/LBWUbgRfEavAgjsXNIhcpo0Dnvb/tables/tblRVg5Ob7VW2zCI/records/recveSl69kQhhY failed | attempt=1 max_attempts=3 error="HTTPSConnectionPool(host='open.feishu.cn', port=443): Read timed out. (read timeout=30)"
2026-03-25 19:06:49 [INFO] [逐镜头图片生成] 🚀 已启动任务: recveSl69kQhhY (recveSl69kQhhY) retry=0
2026-03-25 19:07:20 [INFO] [逐镜头图片生成] ✅ 完成: recveSl69kCGI1
2026-03-25 19:07:21 [INFO] [逐镜头图片生成] stdout: retries exceeded with url: /open-apis/drive/v1/medias/Sl9Ob9g5BohME2xQzLnchyLUnic/download (Caused by SSLError(SSLEOFError(8, 'EOF occurred in violation of protocol (_ssl.c:1129)')))"
[2026-03-25 19:06:54] [INFO] shot storyboard render success | record_id='recveSl69kCGI1'
✅ 单张分镜图生成完成: recveSl69kCGI1
2026-03-25 19:07:58 [INFO] [逐镜头图片生成] ✅ 完成: recveSl69kQhhY
2026-03-25 19:07:58 [INFO] [逐镜头图片生成] stdout: [2026-03-25 19:07:53] [INFO] shot storyboard render success | record_id='recveSl69kQhhY'
✅ 单张分镜图生成完成: recveSl69kQhhY
2026-03-25 19:11:30 [INFO] 📊 今日运行统计 launched={'脚本分析': 32, '产品脚本生成': 16, '分镜图生成': 33, '逐镜头图片生成': 74, '逐镜头脚本生成': 3} success={'脚本分析': 27, '产品脚本生成': 16, '分镜图生成': 23, '逐镜头图片生成': 30, '逐镜头脚本生成': 3} failed={'脚本分析': 3, '分镜图生成': 6, '逐镜头图片生成': 14} retried={'脚本分析': 2, '分镜图生成': 4, '逐镜头图片生成': 30} timeouts={}
2026-03-25 19:21:44 [INFO] 📊 今日运行统计 launched={'脚本分析': 32, '产品脚本生成': 16, '分镜图生成': 33, '逐镜头图片生成': 74, '逐镜头脚本生成': 3} success={'脚本分析': 27, '产品脚本生成': 16, '分镜图生成': 23, '逐镜头图片生成': 30, '逐镜头脚本生成': 3} failed={'脚本分析': 3, '分镜图生成': 6, '逐镜头图片生成': 14} retried={'脚本分析': 2, '分镜图生成': 4, '逐镜头图片生成': 30} timeouts={}
2026-03-25 19:31:52 [INFO] 📊 今日运行统计 launched={'脚本分析': 32, '产品脚本生成': 16, '分镜图生成': 33, '逐镜头图片生成': 74, '逐镜头脚本生成': 3} success={'脚本分析': 27, '产品脚本生成': 16, '分镜图生成': 23, '逐镜头图片生成': 30, '逐镜头脚本生成': 3} failed={'脚本分析': 3, '分镜图生成': 6, '逐镜头图片生成': 14} retried={'脚本分析': 2, '分镜图生成': 4, '逐镜头图片生成': 30} timeouts={}
2026-03-25 19:42:01 [INFO] 📊 今日运行统计 launched={'脚本分析': 32, '产品脚本生成': 16, '分镜图生成': 33, '逐镜头图片生成': 74, '逐镜头脚本生成': 3} success={'脚本分析': 27, '产品脚本生成': 16, '分镜图生成': 23, '逐镜头图片生成': 30, '逐镜头脚本生成': 3} failed={'脚本分析': 3, '分镜图生成': 6, '逐镜头图片生成': 14} retried={'脚本分析': 2, '分镜图生成': 4, '逐镜头图片生成': 30} timeouts={}
2026-03-25 19:52:15 [INFO] 📊 今日运行统计 launched={'脚本分析': 32, '产品脚本生成': 16, '分镜图生成': 33, '逐镜头图片生成': 74, '逐镜头脚本生成': 3} success={'脚本分析': 27, '产品脚本生成': 16, '分镜图生成': 23, '逐镜头图片生成': 30, '逐镜头脚本生成': 3} failed={'脚本分析': 3, '分镜图生成': 6, '逐镜头图片生成': 14} retried={'脚本分析': 2, '分镜图生成': 4, '逐镜头图片生成': 30} timeouts={}
2026-03-25 20:02:40 [INFO] 📊 今日运行统计 launched={'脚本分析': 32, '产品脚本生成': 16, '分镜图生成': 33, '逐镜头图片生成': 74, '逐镜头脚本生成': 3} success={'脚本分析': 27, '产品脚本生成': 16, '分镜图生成': 23, '逐镜头图片生成': 30, '逐镜头脚本生成': 3} failed={'脚本分析': 3, '分镜图生成': 6, '逐镜头图片生成': 14} retried={'脚本分析': 2, '分镜图生成': 4, '逐镜头图片生成': 30} timeouts={}
